
Initial statistics: 1753 variables; iteration 0; function evaluation 0; phase 1
Function value 2.2297628e+06; maximum gradient component mag 4.8090e+05
Var    Value     Gradient |Var    Value     Gradient |Var    Value     Gradient
  1  4.32072 -6.25785e+03 |  2  4.17063 -3.64439e+03 |  3  3.75575 -2.73656e+03
  4  3.92193 -3.73032e+03 |  5  2.77641 -1.58726e+03 |  6  7.11414 -4.61873e+03
  7  7.11414 -2.38865e+03 |  8  7.17608 -2.26538e+03 |  9  7.17608 -2.16404e+03
 10  7.90997 -9.32348e+03 | 11  5.15325 -6.96196e+03 | 12  5.39598 -4.83242e+03
 13  5.29270 -4.20695e+03 | 14  5.18100 -3.64720e+03 | 15  5.08237 -1.20139e+04
 16  2.35608 -4.27284e+01 | 17  2.37347 -1.50228e+02 | 18  2.18283 -2.43864e+02
 19  2.24074 -4.55662e+02 | 20  1.40935 -3.19499e+02 | 21  4.86423 -2.41347e+03
 22  5.76942 -2.63890e+03 | 23  6.39163 -4.88792e+03 | 24  6.37683 -4.53044e+03
 25  6.58680 -1.51059e+04 | 26  4.90802 -3.91031e+03 | 27  5.03534 -2.54713e+03
 28  4.71249 -1.83733e+03 | 29  4.34112 -1.35736e+03 | 30  4.61520 -8.67934e+03
 31  3.78500 -5.34413e+03 | 32  3.68298 -5.68117e+03 | 33  3.38307 -5.41624e+03
 34  2.92629 -4.70684e+03 | 35  2.10373 -3.26420e+03 | 36  4.05858 -2.26647e+03
 37  4.45644 -1.25883e+03 | 38  4.55327 -1.30858e+03 | 39  4.72499 -1.51557e+03
 40  5.08442 -8.86172e+03 | 41  4.76106 -1.88110e+02 | 42  4.87840 -3.92583e+02
 43  4.77304 -5.07168e+02 | 44  4.62807 -6.16089e+02 | 45  4.71969 -8.95860e+02
 46  4.77936 -2.74641e+03 | 47  5.31066 -1.76589e+03 | 48  5.42692 -1.86941e+03
 49  5.60763 -2.18588e+03 | 50  6.51473 -5.46540e+03 | 51  0.00000 -3.07847e-22
 52  0.00000 -4.59526e-22 | 53  0.00000 -6.47671e-22 | 54  0.00000 -8.73261e-22
 55  0.00000 -1.17772e-21 | 56  0.00000 -9.98695e-16 | 57  0.00000 -8.64243e-09
 58  0.00000 -5.40713e-04 | 59  0.00000 -6.21500e-01 | 60  0.00000 -4.74048e+01
 61  0.00000 -3.38176e+02 | 62  0.00000 -7.24416e+02 | 63  0.00000 -1.33178e+03
 64  0.00000 -1.67670e+03 | 65  0.00000 -1.67883e+03 | 66  0.00000 -1.86097e+03
 67  0.00000 -1.42706e+03 | 68  0.00000 -1.30392e+03 | 69  0.00000 -1.06699e+03
 70  0.00000 -1.23058e+03 | 71  0.00000 -1.23583e+03 | 72  0.00000 -9.88447e+02
 73  0.00000 -1.16377e+03 | 74  0.00000 -1.05226e+03 | 75  0.00000 -7.45202e+02
 76  0.00000 -1.14584e+03 | 77  0.00000 -1.18474e+03 | 78  0.00000 -1.06326e+03
 79  0.00000 -9.40554e+02 | 80  0.00000 -1.01097e+03 | 81  0.00000 -9.01726e+02
 82  0.00000 -7.67874e+02 | 83  0.00000 -1.04258e+03 | 84  0.00000 -9.02559e+02
 85  0.00000 -1.00348e+03 | 86  0.00000 -8.53549e+02 | 87  0.00000 -7.21046e+02
 88  0.00000 -5.48827e+02 | 89  0.00000 -2.92279e+02 | 90  0.00000 -1.06955e+02
 91  0.00000 -2.56841e+01 | 92  0.00000  0.00000e+00 | 93  0.00000  0.00000e+00
 94  0.00000  0.00000e+00 | 95  0.00000  0.00000e+00 | 96  0.00000  0.00000e+00
 97  0.00000  0.00000e+00 | 98  0.00000  0.00000e+00 | 99  0.00000  0.00000e+00
100  0.00000  0.00000e+00 |101  0.00000  0.00000e+00 |102  0.00000  0.00000e+00
103  0.00000  0.00000e+00 |104  0.00000  0.00000e+00 |105  0.00000  0.00000e+00
106  0.00000  0.00000e+00 |107  0.00000  0.00000e+00 |108  0.00000  0.00000e+00
109  0.00000  0.00000e+00 |110  0.00000  0.00000e+00 |111  0.00000  0.00000e+00
112  0.00000  0.00000e+00 |113  0.00000  0.00000e+00 |114  0.00000  0.00000e+00
115  0.00000  0.00000e+00 |116  0.00000  0.00000e+00 |117  0.00000  0.00000e+00
118  0.00000  0.00000e+00 |119  0.00000  0.00000e+00 |120  0.00000  0.00000e+00
121  0.00000  0.00000e+00 |122  0.00000  0.00000e+00 |123  0.00000  0.00000e+00
124  0.00000  0.00000e+00 |125  0.00000  0.00000e+00 |126  0.00000  0.00000e+00
127  0.00000  0.00000e+00 |128  0.00000  0.00000e+00 |129  0.00000  0.00000e+00
130  0.00000  0.00000e+00 |131  0.00000  0.00000e+00 |132  0.00000  0.00000e+00
133  0.00000  0.00000e+00 |134  0.00000  0.00000e+00 |135  0.00000  0.00000e+00
136  0.00000  0.00000e+00 |137  0.00000  0.00000e+00 |138  0.00000  0.00000e+00
139  0.00000  0.00000e+00 |140  0.00000  0.00000e+00 |141  0.00000  0.00000e+00
142  0.00000  0.00000e+00 |143  0.00000  0.00000e+00 |144  0.00000  0.00000e+00
145  0.00000  0.00000e+00 |146  0.00000  0.00000e+00 |147  0.00000  0.00000e+00
148  0.00000  0.00000e+00 |149  0.00000  0.00000e+00 |150  0.00000  0.00000e+00
151  0.00000  0.00000e+00 |152  0.00000  0.00000e+00 |153  0.00000  0.00000e+00
154  0.00000  0.00000e+00 |155  0.00000  0.00000e+00 |156  0.00000  0.00000e+00
157  0.00000  0.00000e+00 |158  0.00000  0.00000e+00 |159  0.00000  0.00000e+00
160  0.00000  0.00000e+00 |161  0.00000  0.00000e+00 |162  0.00000  0.00000e+00
163  0.00000  0.00000e+00 |164  0.00000  0.00000e+00 |165  0.00000  0.00000e+00
166  0.00000  0.00000e+00 |167  0.00000  0.00000e+00 |168  0.00000  0.00000e+00
169  0.00000  0.00000e+00 |170  0.00000  0.00000e+00 |171  0.00000  0.00000e+00
172  0.00000  0.00000e+00 |173  0.00000 -1.20373e-22 |174  0.00000 -1.35399e-22
175  0.00000 -1.53319e-22 |176  0.00000 -1.73553e-22 |177  0.00000 -1.97946e-22
178  0.00000 -2.29232e-22 |179  0.00000 -2.68385e-22 |180  0.00000 -3.18714e-22
181  0.00000 -3.85671e-22 |182  0.00000 -4.65721e-22 |183  0.00000 -5.64800e-22
184  0.00000 -6.64166e-22 |185  0.00000 -7.89141e-22 |186  0.00000 -9.39363e-22
187  0.00000 -1.11533e-21 |188  0.00000 -1.46142e-21 |189  0.00000 -1.32491e-15
190  0.00000 -3.33098e-10 |191  0.00000 -2.56172e-06 |192  0.00000 -2.37894e-03
193  0.00000 -3.00983e-01 |194  0.00000 -9.60094e+00 |195  0.00000 -4.35262e+01
196  0.00000 -1.25210e+02 |197  0.00000 -1.90532e+02 |198  0.00000 -5.52004e+02
199  0.00000 -9.12057e+02 |200  0.00000 -1.15963e+03 |201  0.00000 -1.21638e+03
202  0.00000 -1.43548e+03 |203  0.00000 -1.32744e+03 |204  0.00000 -1.12522e+03
205  0.00000 -1.31736e+03 |206  0.00000 -1.04123e+03 |207  0.00000 -9.91408e+02
208  0.00000 -7.52084e+02 |209  0.00000 -5.89558e+02 |210  0.00000 -4.20589e+02
211  0.00000 -2.13131e+02 |212  0.00000 -6.52731e+01 |213  0.00000 -1.43947e+01
214  0.00000  0.00000e+00 |215  0.00000  0.00000e+00 |216  0.00000  0.00000e+00
217  0.00000  0.00000e+00 |218  0.00000  0.00000e+00 |219  0.00000  0.00000e+00
220  0.00000  0.00000e+00 |221  0.00000  0.00000e+00 |222  0.00000  0.00000e+00
223  0.00000  0.00000e+00 |224  0.00000  0.00000e+00 |225  0.00000  0.00000e+00
226  0.00000  0.00000e+00 |227  0.00000  0.00000e+00 |228  0.00000  0.00000e+00
229  0.00000  0.00000e+00 |230  0.00000  0.00000e+00 |231  0.00000  0.00000e+00
232  0.00000  0.00000e+00 |233  0.00000  0.00000e+00 |234  0.00000  0.00000e+00
235  0.00000  0.00000e+00 |236  0.00000  0.00000e+00 |237  0.00000  0.00000e+00
238  0.00000  0.00000e+00 |239  0.00000  0.00000e+00 |240  0.00000  0.00000e+00
241  0.00000  0.00000e+00 |242  0.00000  0.00000e+00 |243  0.00000  0.00000e+00
244  0.00000  0.00000e+00 |245  0.00000  0.00000e+00 |246  0.00000  0.00000e+00
247  0.00000  0.00000e+00 |248  0.00000  0.00000e+00 |249  0.00000  0.00000e+00
250  0.00000  0.00000e+00 |251  0.00000  0.00000e+00 |252  0.00000  0.00000e+00
253  0.00000  0.00000e+00 |254  0.00000  0.00000e+00 |255  0.00000  0.00000e+00
256  0.00000  0.00000e+00 |257  0.00000  0.00000e+00 |258  0.00000  0.00000e+00
259  0.00000  0.00000e+00 |260  0.00000  0.00000e+00 |261  0.00000  0.00000e+00
262  0.00000  0.00000e+00 |263  0.00000  0.00000e+00 |264  0.00000  0.00000e+00
265  0.00000  0.00000e+00 |266  0.00000  0.00000e+00 |267  0.00000  0.00000e+00
268  0.00000  0.00000e+00 |269  0.00000  0.00000e+00 |270  0.00000  0.00000e+00
271  0.00000  0.00000e+00 |272  0.00000  0.00000e+00 |273  0.00000  0.00000e+00
274  0.00000  0.00000e+00 |275  0.00000  0.00000e+00 |276  0.00000  0.00000e+00
277  0.00000  0.00000e+00 |278  0.00000  0.00000e+00 |279  0.00000  0.00000e+00
280  0.00000  0.00000e+00 |281  0.00000  0.00000e+00 |282  0.00000  0.00000e+00
283  0.00000  0.00000e+00 |284  0.00000  0.00000e+00 |285  0.00000  0.00000e+00
286  0.00000  0.00000e+00 |287  0.00000  0.00000e+00 |288  0.00000  0.00000e+00
289  0.00000  0.00000e+00 |290  0.00000  0.00000e+00 |291  0.00000  0.00000e+00
292  0.00000  0.00000e+00 |293  0.00000  0.00000e+00 |294  0.00000  0.00000e+00
295  0.00000 -6.39872e-23 |296  0.00000 -6.75200e-23 |297  0.00000 -7.71701e-23
298  0.00000 -5.94092e-15 |299  0.00000 -6.34768e-08 |300  0.00000 -8.32841e-04
301  0.00000 -4.77068e-01 |302  0.00000 -2.78846e+01 |303  0.00000 -3.35854e+02
304  0.00000 -1.80682e+03 |305  0.00000 -4.50539e+03 |306  0.00000 -4.89562e+03
307  0.00000 -6.23459e+03 |308  0.00000 -7.38451e+03 |309  0.00000 -8.02559e+03
310  0.00000 -9.63585e+03 |311  0.00000 -8.36534e+03 |312  0.00000 -8.69271e+03
313  0.00000 -7.19317e+03 |314  0.00000 -8.91811e+03 |315  0.00000 -8.37233e+03
316  0.00000 -7.65863e+03 |317  0.00000 -8.79894e+03 |318  0.00000 -7.78373e+03
319  0.00000 -5.56591e+03 |320  0.00000 -7.52259e+03 |321  0.00000 -6.45154e+03
322  0.00000 -5.29902e+03 |323  0.00000 -4.95009e+03 |324  0.00000 -4.74095e+03
325  0.00000 -4.07549e+03 |326  0.00000 -3.29318e+03 |327  0.00000 -3.55786e+03
328  0.00000 -2.42984e+03 |329  0.00000 -3.57806e+03 |330  0.00000 -2.56073e+03
331  0.00000 -1.83998e+03 |332  0.00000 -1.16012e+03 |333  0.00000 -8.51806e+02
334  0.00000 -2.56016e+02 |335  0.00000 -5.80753e+01 |336  0.00000  0.00000e+00
337  0.00000  0.00000e+00 |338  0.00000  0.00000e+00 |339  0.00000  0.00000e+00
340  0.00000  0.00000e+00 |341  0.00000  0.00000e+00 |342  0.00000  0.00000e+00
343  0.00000  0.00000e+00 |344  0.00000  0.00000e+00 |345  0.00000  0.00000e+00
346  0.00000  0.00000e+00 |347  0.00000  0.00000e+00 |348  0.00000  0.00000e+00
349  0.00000  0.00000e+00 |350  0.00000  0.00000e+00 |351  0.00000  0.00000e+00
352  0.00000  0.00000e+00 |353  0.00000  0.00000e+00 |354  0.00000  0.00000e+00
355  0.00000  0.00000e+00 |356  0.00000  0.00000e+00 |357  0.00000  0.00000e+00
358  0.00000  0.00000e+00 |359  0.00000  0.00000e+00 |360  0.00000  0.00000e+00
361  0.00000  0.00000e+00 |362  0.00000  0.00000e+00 |363  0.00000  0.00000e+00
364  0.00000  0.00000e+00 |365  0.00000  0.00000e+00 |366  0.00000  0.00000e+00
367  0.00000  0.00000e+00 |368  0.00000  0.00000e+00 |369  0.00000  0.00000e+00
370  0.00000  0.00000e+00 |371  0.00000  0.00000e+00 |372  0.00000  0.00000e+00
373  0.00000  0.00000e+00 |374  0.00000  0.00000e+00 |375  0.00000  0.00000e+00
376  0.00000  0.00000e+00 |377  0.00000  0.00000e+00 |378  0.00000  0.00000e+00
379  0.00000  0.00000e+00 |380  0.00000  0.00000e+00 |381  0.00000  0.00000e+00
382  0.00000  0.00000e+00 |383  0.00000  0.00000e+00 |384  0.00000  0.00000e+00
385  0.00000  0.00000e+00 |386  0.00000  0.00000e+00 |387  0.00000  0.00000e+00
388  0.00000  0.00000e+00 |389  0.00000  0.00000e+00 |390  0.00000  0.00000e+00
391  0.00000  0.00000e+00 |392  0.00000  0.00000e+00 |393  0.00000  0.00000e+00
394  0.00000  0.00000e+00 |395  0.00000  0.00000e+00 |396  0.00000  0.00000e+00
397  0.00000  0.00000e+00 |398  0.00000  0.00000e+00 |399  0.00000  0.00000e+00
400  0.00000  0.00000e+00 |401  0.00000  0.00000e+00 |402  0.00000  0.00000e+00
403  0.00000  0.00000e+00 |404  0.00000  0.00000e+00 |405  0.00000  0.00000e+00
406  0.00000  0.00000e+00 |407  0.00000  0.00000e+00 |408  0.00000  0.00000e+00
409  0.00000  0.00000e+00 |410  0.00000  0.00000e+00 |411  0.00000  0.00000e+00
412  0.00000  0.00000e+00 |413  0.00000  0.00000e+00 |414  0.00000  0.00000e+00
415  0.00000  0.00000e+00 |416  0.00000  0.00000e+00 |417  0.00000 -1.59464e+02
418  0.00000 -4.03546e+01 |419  0.00000  3.71699e+01 |420  0.00000  7.88051e+01
421  0.00000  1.07034e+02 |422  0.00000  1.25257e+02 |423  0.00000  1.42828e+02
424  0.00000  1.59894e+02 |425  0.00000  1.77369e+02 |426  0.00000  1.94576e+02
427  0.00000  2.10929e+02 |428  0.00000  2.23529e+02 |429  0.00000  2.32554e+02
430  0.00000  2.39315e+02 |431  0.00000  2.43019e+02 |432  0.00000  2.44917e+02
433  0.00000  2.43635e+02 |434  0.00000  2.41214e+02 |435  0.00000  2.34840e+02
436  0.00000  2.27007e+02 |437  0.00000  2.17797e+02 |438  0.00000  2.11730e+02
439  0.00000  2.06561e+02 |440  0.00000  2.05210e+02 |441  0.00000  1.98819e+02
442  0.00000  1.88720e+02 |443  0.00000  1.76261e+02 |444  0.00000  1.55784e+02
445  0.00000  1.31787e+02 |446  0.00000  1.05096e+02 |447  0.00000  7.76122e+01
448  0.00000  5.03191e+01 |449  0.00000  2.45114e+01 |450  0.00000  6.11490e+00
451  0.00000 -1.08151e+01 |452  0.00000 -2.35191e+01 |453  0.00000 -3.30459e+01
454  0.00000 -2.55546e+01 |455  0.00000 -9.60115e+00 |456  0.00000 -1.76990e+00
457  0.00000  1.90520e+00 |458  0.00000  0.00000e+00 |459  0.00000  0.00000e+00
460  0.00000  0.00000e+00 |461  0.00000  0.00000e+00 |462  0.00000  0.00000e+00
463  0.00000  0.00000e+00 |464  0.00000  0.00000e+00 |465  0.00000  0.00000e+00
466  0.00000  0.00000e+00 |467  0.00000  0.00000e+00 |468  0.00000  0.00000e+00
469  0.00000  0.00000e+00 |470  0.00000  0.00000e+00 |471  0.00000  0.00000e+00
472  0.00000  0.00000e+00 |473  0.00000  0.00000e+00 |474  0.00000  0.00000e+00
475  0.00000  0.00000e+00 |476  0.00000  0.00000e+00 |477  0.00000  0.00000e+00
478  0.00000  0.00000e+00 |479  0.00000  0.00000e+00 |480  0.00000  0.00000e+00
481  0.00000  0.00000e+00 |482  0.00000  0.00000e+00 |483  0.00000  0.00000e+00
484  0.00000  0.00000e+00 |485  0.00000  0.00000e+00 |486  0.00000  0.00000e+00
487  0.00000  0.00000e+00 |488  0.00000  0.00000e+00 |489  0.00000  0.00000e+00
490  0.00000  0.00000e+00 |491  0.00000  0.00000e+00 |492  0.00000  0.00000e+00
493  0.00000  0.00000e+00 |494  0.00000  0.00000e+00 |495  0.00000  0.00000e+00
496  0.00000  0.00000e+00 |497  0.00000  0.00000e+00 |498  0.00000  0.00000e+00
499  0.00000  0.00000e+00 |500  0.00000  0.00000e+00 |501  0.00000  0.00000e+00
502  0.00000  0.00000e+00 |503  0.00000  0.00000e+00 |504  0.00000  0.00000e+00
505  0.00000  0.00000e+00 |506  0.00000  0.00000e+00 |507  0.00000  0.00000e+00
508  0.00000  0.00000e+00 |509  0.00000  0.00000e+00 |510  0.00000  0.00000e+00
511  0.00000  0.00000e+00 |512  0.00000  0.00000e+00 |513  0.00000  0.00000e+00
514  0.00000  0.00000e+00 |515  0.00000  0.00000e+00 |516  0.00000  0.00000e+00
517  0.00000  0.00000e+00 |518  0.00000  0.00000e+00 |519  0.00000  0.00000e+00
520  0.00000  0.00000e+00 |521  0.00000  0.00000e+00 |522  0.00000  0.00000e+00
523  0.00000  0.00000e+00 |524  0.00000  0.00000e+00 |525  0.00000  0.00000e+00
526  0.00000  0.00000e+00 |527  0.00000  0.00000e+00 |528  0.00000  0.00000e+00
529  0.00000  0.00000e+00 |530  0.00000  0.00000e+00 |531  0.00000  0.00000e+00
532  0.00000  0.00000e+00 |533  0.00000  0.00000e+00 |534  0.00000  0.00000e+00
535  0.00000  0.00000e+00 |536  0.00000  0.00000e+00 |537  0.00000  0.00000e+00
538  0.00000  0.00000e+00 |539  0.00000 -3.39359e-22 |540  0.00000 -4.23913e-22
541  0.00000 -5.11557e-22 |542  0.00000 -7.08393e-22 |543  0.00000 -1.01323e-21
544  0.00000 -1.31457e-21 |545  0.00000 -1.68972e-21 |546  0.00000 -1.84237e-21
547  0.00000 -2.15423e-21 |548  0.00000 -2.82112e-21 |549  0.00000 -2.60267e-13
550  0.00000 -4.40581e-06 |551  0.00000 -1.20781e-01 |552  0.00000 -2.51176e+01
553  0.00000 -1.21630e+02 |554  0.00000 -9.83892e+02 |555  0.00000 -2.66427e+03
556  0.00000 -4.63554e+03 |557  0.00000 -5.23454e+03 |558  0.00000 -6.38983e+03
559  0.00000 -7.56266e+03 |560  0.00000 -6.36687e+03 |561  0.00000 -7.46254e+03
562  0.00000 -7.17246e+03 |563  0.00000 -5.03412e+03 |564  0.00000 -7.64865e+03
565  0.00000 -8.15883e+03 |566  0.00000 -7.31080e+03 |567  0.00000 -5.38143e+03
568  0.00000 -5.93511e+03 |569  0.00000 -5.33118e+03 |570  0.00000 -4.03367e+03
571  0.00000 -4.19945e+03 |572  0.00000 -3.34152e+03 |573  0.00000 -2.81241e+03
574  0.00000 -2.21850e+03 |575  0.00000 -1.71713e+03 |576  0.00000 -1.26202e+03
577  0.00000 -6.70919e+02 |578  0.00000 -2.78205e+02 |579  0.00000 -8.41381e+01
580  0.00000  0.00000e+00 |581  0.00000  0.00000e+00 |582  0.00000  0.00000e+00
583  0.00000  0.00000e+00 |584  0.00000  0.00000e+00 |585  0.00000  0.00000e+00
586  0.00000  0.00000e+00 |587  0.00000  0.00000e+00 |588  0.00000  0.00000e+00
589  0.00000  0.00000e+00 |590  0.00000  0.00000e+00 |591  0.00000  0.00000e+00
592  0.00000  0.00000e+00 |593  0.00000  0.00000e+00 |594  0.00000  0.00000e+00
595  0.00000  0.00000e+00 |596  0.00000  0.00000e+00 |597  0.00000  0.00000e+00
598  0.00000  0.00000e+00 |599  0.00000  0.00000e+00 |600  0.00000  0.00000e+00
601  0.00000  0.00000e+00 |602  0.00000  0.00000e+00 |603  0.00000  0.00000e+00
604  0.00000  0.00000e+00 |605  0.00000  0.00000e+00 |606  0.00000  0.00000e+00
607  0.00000  0.00000e+00 |608  0.00000  0.00000e+00 |609  0.00000  0.00000e+00
610  0.00000  0.00000e+00 |611  0.00000  0.00000e+00 |612  0.00000  0.00000e+00
613  0.00000  0.00000e+00 |614  0.00000  0.00000e+00 |615  0.00000  0.00000e+00
616  0.00000  0.00000e+00 |617  0.00000  0.00000e+00 |618  0.00000  0.00000e+00
619  0.00000  0.00000e+00 |620  0.00000  0.00000e+00 |621  0.00000  0.00000e+00
622  0.00000  0.00000e+00 |623  0.00000  0.00000e+00 |624  0.00000  0.00000e+00
625  0.00000  0.00000e+00 |626  0.00000  0.00000e+00 |627  0.00000  0.00000e+00
628  0.00000  0.00000e+00 |629  0.00000  0.00000e+00 |630  0.00000  0.00000e+00
631  0.00000  0.00000e+00 |632  0.00000  0.00000e+00 |633  0.00000  0.00000e+00
634  0.00000  0.00000e+00 |635  0.00000  0.00000e+00 |636  0.00000  0.00000e+00
637  0.00000  0.00000e+00 |638  0.00000  0.00000e+00 |639  0.00000  0.00000e+00
640  0.00000  0.00000e+00 |641  0.00000  0.00000e+00 |642  0.00000  0.00000e+00
643  0.00000  0.00000e+00 |644  0.00000  0.00000e+00 |645  0.00000  0.00000e+00
646  0.00000  0.00000e+00 |647  0.00000  0.00000e+00 |648  0.00000  0.00000e+00
649  0.00000  0.00000e+00 |650  0.00000  0.00000e+00 |651  0.00000  0.00000e+00
652  0.00000  0.00000e+00 |653  0.00000  0.00000e+00 |654  0.00000  0.00000e+00
655  0.00000  0.00000e+00 |656  0.00000  0.00000e+00 |657  0.00000  0.00000e+00
658  0.00000  0.00000e+00 |659  0.00000  0.00000e+00 |660  0.00000  0.00000e+00
661  0.00000 -1.83979e-22 |662  0.00000 -2.44433e-22 |663  0.00000 -3.82040e-22
664  0.00000 -5.95069e-22 |665  0.00000 -1.03184e-21 |666  0.00000 -1.98156e-21
667  0.00000 -3.64989e-21 |668  0.00000 -6.99194e-21 |669  0.00000 -1.37573e-20
670  0.00000 -2.60125e-20 |671  0.00000 -6.55618e-18 |672  0.00000 -1.58407e-11
673  0.00000 -1.13297e-06 |674  0.00000 -4.61805e-03 |675  0.00000 -1.03638e+00
676  0.00000 -5.38217e+01 |677  0.00000 -7.42699e+01 |678  0.00000 -8.11599e+01
679  0.00000 -1.48195e+02 |680  0.00000 -3.18899e+02 |681  0.00000 -5.88609e+02
682  0.00000 -7.54346e+02 |683  0.00000 -1.07015e+03 |684  0.00000 -1.11411e+03
685  0.00000 -8.94291e+02 |686  0.00000 -1.26340e+03 |687  0.00000 -1.28180e+03
688  0.00000 -1.17671e+03 |689  0.00000 -1.03857e+03 |690  0.00000 -1.10490e+03
691  0.00000 -1.01215e+03 |692  0.00000 -8.51778e+02 |693  0.00000 -9.55348e+02
694  0.00000 -8.59056e+02 |695  0.00000 -7.28457e+02 |696  0.00000 -6.46905e+02
697  0.00000 -5.49799e+02 |698  0.00000 -4.26876e+02 |699  0.00000 -2.67796e+02
700  0.00000 -1.64641e+02 |701  0.00000 -1.05179e+02 |702  0.00000  0.00000e+00
703  0.00000  0.00000e+00 |704  0.00000  0.00000e+00 |705  0.00000  0.00000e+00
706  0.00000  0.00000e+00 |707  0.00000  0.00000e+00 |708  0.00000  0.00000e+00
709  0.00000  0.00000e+00 |710  0.00000  0.00000e+00 |711  0.00000  0.00000e+00
712  0.00000  0.00000e+00 |713  0.00000  0.00000e+00 |714  0.00000  0.00000e+00
715  0.00000  0.00000e+00 |716  0.00000  0.00000e+00 |717  0.00000  0.00000e+00
718  0.00000  0.00000e+00 |719  0.00000  0.00000e+00 |720  0.00000  0.00000e+00
721  0.00000  0.00000e+00 |722  0.00000  0.00000e+00 |723  0.00000  0.00000e+00
724  0.00000  0.00000e+00 |725  0.00000  0.00000e+00 |726  0.00000  0.00000e+00
727  0.00000  0.00000e+00 |728  0.00000  0.00000e+00 |729  0.00000  0.00000e+00
730  0.00000  0.00000e+00 |731  0.00000  0.00000e+00 |732  0.00000  0.00000e+00
733  0.00000  0.00000e+00 |734  0.00000  0.00000e+00 |735  0.00000  0.00000e+00
736  0.00000  0.00000e+00 |737  0.00000  0.00000e+00 |738  0.00000  0.00000e+00
739  0.00000  0.00000e+00 |740  0.00000  0.00000e+00 |741  0.00000  0.00000e+00
742  0.00000  0.00000e+00 |743  0.00000  0.00000e+00 |744  0.00000  0.00000e+00
745  0.00000  0.00000e+00 |746  0.00000  0.00000e+00 |747  0.00000  0.00000e+00
748  0.00000  0.00000e+00 |749  0.00000  0.00000e+00 |750  0.00000  0.00000e+00
751  0.00000  0.00000e+00 |752  0.00000  0.00000e+00 |753  0.00000  0.00000e+00
754  0.00000  0.00000e+00 |755  0.00000  0.00000e+00 |756  0.00000  0.00000e+00
757  0.00000  0.00000e+00 |758  0.00000  0.00000e+00 |759  0.00000  0.00000e+00
760  0.00000  0.00000e+00 |761  0.00000  0.00000e+00 |762  0.00000  0.00000e+00
763  0.00000  0.00000e+00 |764  0.00000  0.00000e+00 |765  0.00000  0.00000e+00
766  0.00000  0.00000e+00 |767  0.00000  0.00000e+00 |768  0.00000  0.00000e+00
769  0.00000  0.00000e+00 |770  0.00000  0.00000e+00 |771  0.00000  0.00000e+00
772  0.00000  0.00000e+00 |773  0.00000  0.00000e+00 |774  0.00000  0.00000e+00
775  0.00000  0.00000e+00 |776  0.00000  0.00000e+00 |777  0.00000  0.00000e+00
778  0.00000  0.00000e+00 |779  0.00000  0.00000e+00 |780  0.00000  0.00000e+00
781  0.00000  0.00000e+00 |782  0.00000  0.00000e+00 |783  0.00000 -3.18581e-22
784  0.00000 -3.64440e-22 |785  0.00000 -4.04198e-22 |786  0.00000 -4.40251e-22
787  0.00000 -4.69686e-22 |788  0.00000 -1.46794e-18 |789  0.00000 -1.78084e-11
790  0.00000 -2.09085e-06 |791  0.00000 -6.52808e-03 |792  0.00000 -1.49873e+00
793  0.00000 -5.31778e+01 |794  0.00000 -4.58950e+02 |795  0.00000 -1.82953e+03
796  0.00000 -3.87617e+03 |797  0.00000 -5.35366e+03 |798  0.00000 -5.76818e+03
799  0.00000 -5.12777e+03 |800  0.00000 -4.60550e+03 |801  0.00000 -4.27510e+03
802  0.00000 -4.15987e+03 |803  0.00000 -4.19252e+03 |804  0.00000 -3.91087e+03
805  0.00000 -3.98029e+03 |806  0.00000 -3.87299e+03 |807  0.00000 -3.57980e+03
808  0.00000 -3.73292e+03 |809  0.00000 -3.65212e+03 |810  0.00000 -3.46906e+03
811  0.00000 -3.22758e+03 |812  0.00000 -3.17971e+03 |813  0.00000 -2.95546e+03
814  0.00000 -2.67767e+03 |815  0.00000 -2.56337e+03 |816  0.00000 -2.33756e+03
817  0.00000 -2.08953e+03 |818  0.00000 -1.82188e+03 |819  0.00000 -1.53588e+03
820  0.00000 -1.24261e+03 |821  0.00000 -9.25563e+02 |822  0.00000 -5.56527e+02
823  0.00000 -2.63770e+02 |824  0.00000  0.00000e+00 |825  0.00000  0.00000e+00
826  0.00000  0.00000e+00 |827  0.00000  0.00000e+00 |828  0.00000  0.00000e+00
829  0.00000  0.00000e+00 |830  0.00000  0.00000e+00 |831  0.00000  0.00000e+00
832  0.00000  0.00000e+00 |833  0.00000  0.00000e+00 |834  0.00000  0.00000e+00
835  0.00000  0.00000e+00 |836  0.00000  0.00000e+00 |837  0.00000  0.00000e+00
838  0.00000  0.00000e+00 |839  0.00000  0.00000e+00 |840  0.00000  0.00000e+00
841  0.00000  0.00000e+00 |842  0.00000  0.00000e+00 |843  0.00000  0.00000e+00
844  0.00000  0.00000e+00 |845  0.00000  0.00000e+00 |846  0.00000  0.00000e+00
847  0.00000  0.00000e+00 |848  0.00000  0.00000e+00 |849  0.00000  0.00000e+00
850  0.00000  0.00000e+00 |851  0.00000  0.00000e+00 |852  0.00000  0.00000e+00
853  0.00000  0.00000e+00 |854  0.00000  0.00000e+00 |855  0.00000  0.00000e+00
856  0.00000  0.00000e+00 |857  0.00000  0.00000e+00 |858  0.00000  0.00000e+00
859  0.00000  0.00000e+00 |860  0.00000  0.00000e+00 |861  0.00000  0.00000e+00
862  0.00000  0.00000e+00 |863  0.00000  0.00000e+00 |864  0.00000  0.00000e+00
865  0.00000  0.00000e+00 |866  0.00000  0.00000e+00 |867  0.00000  0.00000e+00
868  0.00000  0.00000e+00 |869  0.00000  0.00000e+00 |870  0.00000  0.00000e+00
871  0.00000  0.00000e+00 |872  0.00000  0.00000e+00 |873  0.00000  0.00000e+00
874  0.00000  0.00000e+00 |875  0.00000  0.00000e+00 |876  0.00000  0.00000e+00
877  0.00000  0.00000e+00 |878  0.00000  0.00000e+00 |879  0.00000  0.00000e+00
880  0.00000  0.00000e+00 |881  0.00000  0.00000e+00 |882  0.00000  0.00000e+00
883  0.00000  0.00000e+00 |884  0.00000  0.00000e+00 |885  0.00000  0.00000e+00
886  0.00000  0.00000e+00 |887  0.00000  0.00000e+00 |888  0.00000  0.00000e+00
889  0.00000  0.00000e+00 |890  0.00000  0.00000e+00 |891  0.00000  0.00000e+00
892  0.00000  0.00000e+00 |893  0.00000  0.00000e+00 |894  0.00000  0.00000e+00
895  0.00000  0.00000e+00 |896  0.00000  0.00000e+00 |897  0.00000  0.00000e+00
898  0.00000  0.00000e+00 |899  0.00000  0.00000e+00 |900  0.00000  0.00000e+00
901  0.00000  0.00000e+00 |902  0.00000  0.00000e+00 |903  0.00000  0.00000e+00
904  0.00000  0.00000e+00 |905  0.00000 -5.55761e-22 |906  0.00000 -7.53024e-22
907  0.00000 -1.02639e-21 |908  0.00000 -1.41221e-21 |909  0.00000 -1.94806e-21
910  0.00000 -2.67780e-21 |911  0.00000 -3.63186e-21 |912  0.00000 -4.78817e-21
913  0.00000 -6.21305e-21 |914  0.00000 -8.17551e-21 |915  0.00000 -1.05004e-20
916  0.00000 -6.34475e-19 |917  0.00000 -2.00689e-12 |918  0.00000 -1.27360e-07
919  0.00000 -4.53903e-04 |920  0.00000 -1.81719e-01 |921  0.00000 -8.00865e+00
922  0.00000 -5.22376e+01 |923  0.00000 -8.14858e+01 |924  0.00000 -1.50324e+02
925  0.00000 -2.82418e+02 |926  0.00000 -3.91541e+02 |927  0.00000 -6.18830e+02
928  0.00000 -6.61029e+02 |929  0.00000 -5.10200e+02 |930  0.00000 -7.52105e+02
931  0.00000 -7.47585e+02 |932  0.00000 -6.72791e+02 |933  0.00000 -6.03842e+02
934  0.00000 -6.46607e+02 |935  0.00000 -6.00972e+02 |936  0.00000 -5.26043e+02
937  0.00000 -6.79401e+02 |938  0.00000 -5.74659e+02 |939  0.00000 -6.19589e+02
940  0.00000 -5.22249e+02 |941  0.00000 -4.47160e+02 |942  0.00000 -3.53353e+02
943  0.00000 -2.01702e+02 |944  0.00000 -7.46032e+01 |945  0.00000 -2.05580e+01
946  0.00000  0.00000e+00 |947  0.00000  0.00000e+00 |948  0.00000  0.00000e+00
949  0.00000  0.00000e+00 |950  0.00000  0.00000e+00 |951  0.00000  0.00000e+00
952  0.00000  0.00000e+00 |953  0.00000  0.00000e+00 |954  0.00000  0.00000e+00
955  0.00000  0.00000e+00 |956  0.00000  0.00000e+00 |957  0.00000  0.00000e+00
958  0.00000  0.00000e+00 |959  0.00000  0.00000e+00 |960  0.00000  0.00000e+00
961  0.00000  0.00000e+00 |962  0.00000  0.00000e+00 |963  0.00000  0.00000e+00
964  0.00000  0.00000e+00 |965  0.00000  0.00000e+00 |966  0.00000  0.00000e+00
967  0.00000  0.00000e+00 |968  0.00000  0.00000e+00 |969  0.00000  0.00000e+00
970  0.00000  0.00000e+00 |971  0.00000  0.00000e+00 |972  0.00000  0.00000e+00
973  0.00000  0.00000e+00 |974  0.00000  0.00000e+00 |975  0.00000  0.00000e+00
976  0.00000  0.00000e+00 |977  0.00000  0.00000e+00 |978  0.00000  0.00000e+00
979  0.00000  0.00000e+00 |980  0.00000  0.00000e+00 |981  0.00000  0.00000e+00
982  0.00000  0.00000e+00 |983  0.00000  0.00000e+00 |984  0.00000  0.00000e+00
985  0.00000  0.00000e+00 |986  0.00000  0.00000e+00 |987  0.00000  0.00000e+00
988  0.00000  0.00000e+00 |989  0.00000  0.00000e+00 |990  0.00000  0.00000e+00
991  0.00000  0.00000e+00 |992  0.00000  0.00000e+00 |993  0.00000  0.00000e+00
994  0.00000  0.00000e+00 |995  0.00000  0.00000e+00 |996  0.00000  0.00000e+00
997  0.00000  0.00000e+00 |998  0.00000  0.00000e+00 |999  0.00000  0.00000e+00
1000  0.00000  0.00000e+00 |1001  0.00000  0.00000e+00 |1002  0.00000  0.00000e+00
1003  0.00000  0.00000e+00 |1004  0.00000  0.00000e+00 |1005  0.00000  0.00000e+00
1006  0.00000  0.00000e+00 |1007  0.00000  0.00000e+00 |1008  0.00000  0.00000e+00
1009  0.00000  0.00000e+00 |1010  0.00000  0.00000e+00 |1011  0.00000  0.00000e+00
1012  0.00000  0.00000e+00 |1013  0.00000  0.00000e+00 |1014  0.00000  0.00000e+00
1015  0.00000  0.00000e+00 |1016  0.00000  0.00000e+00 |1017  0.00000  0.00000e+00
1018  0.00000  0.00000e+00 |1019  0.00000  0.00000e+00 |1020  0.00000  0.00000e+00
1021  0.00000  0.00000e+00 |1022  0.00000  0.00000e+00 |1023  0.00000  0.00000e+00
1024  0.00000  0.00000e+00 |1025  0.00000  0.00000e+00 |1026  0.00000  0.00000e+00
1027  0.00000 -6.29649e+02 |1028  0.00000 -6.57789e+02 |1029  0.00000 -6.66758e+02
1030  0.00000 -6.51477e+02 |1031  0.00000 -6.21052e+02 |1032  0.00000 -6.20974e+02
1033  0.00000 -6.12787e+02 |1034  0.00000 -6.03639e+02 |1035  0.00000 -5.97564e+02
1036  0.00000 -5.84588e+02 |1037  0.00000 -5.55579e+02 |1038  0.00000 -5.43734e+02
1039  0.00000 -5.09422e+02 |1040  0.00000 -4.57124e+02 |1041  0.00000 -4.19919e+02
1042  0.00000 -4.44095e+02 |1043  0.00000 -4.54959e+02 |1044  0.00000 -5.47517e+02
1045  0.00000 -5.81937e+02 |1046  0.00000 -6.12581e+02 |1047  0.00000 -6.25361e+02
1048  0.00000 -6.55526e+02 |1049  0.00000 -6.71311e+02 |1050  0.00000 -6.73838e+02
1051  0.00000 -6.91567e+02 |1052  0.00000 -6.98745e+02 |1053  0.00000 -7.24524e+02
1054  0.00000 -7.26289e+02 |1055  0.00000 -6.95333e+02 |1056  0.00000 -6.69437e+02
1057  0.00000 -6.48719e+02 |1058  0.00000 -6.38801e+02 |1059  0.00000 -6.55140e+02
1060  0.00000 -6.74651e+02 |1061  0.00000 -6.65672e+02 |1062  0.00000 -5.87956e+02
1063  0.00000 -4.54934e+02 |1064  0.00000 -3.11928e+02 |1065  0.00000 -1.69338e+02
1066  0.00000 -6.41510e+01 |1067  0.00000 -2.27704e+00 |1068  0.00000  0.00000e+00
1069  0.00000  0.00000e+00 |1070  0.00000  0.00000e+00 |1071  0.00000  0.00000e+00
1072  0.00000  0.00000e+00 |1073  0.00000  0.00000e+00 |1074  0.00000  0.00000e+00
1075  0.00000  0.00000e+00 |1076  0.00000  0.00000e+00 |1077  0.00000  0.00000e+00
1078  0.00000  0.00000e+00 |1079  0.00000  0.00000e+00 |1080  0.00000  0.00000e+00
1081  0.00000  0.00000e+00 |1082  0.00000  0.00000e+00 |1083  0.00000  0.00000e+00
1084  0.00000  0.00000e+00 |1085  0.00000  0.00000e+00 |1086  0.00000  0.00000e+00
1087  0.00000  0.00000e+00 |1088  0.00000  0.00000e+00 |1089  0.00000  0.00000e+00
1090  0.00000  0.00000e+00 |1091  0.00000  0.00000e+00 |1092  0.00000  0.00000e+00
1093  0.00000  0.00000e+00 |1094  0.00000  0.00000e+00 |1095  0.00000  0.00000e+00
1096  0.00000  0.00000e+00 |1097  0.00000  0.00000e+00 |1098  0.00000  0.00000e+00
1099  0.00000  0.00000e+00 |1100  0.00000  0.00000e+00 |1101  0.00000  0.00000e+00
1102  0.00000  0.00000e+00 |1103  0.00000  0.00000e+00 |1104  0.00000  0.00000e+00
1105  0.00000  0.00000e+00 |1106  0.00000  0.00000e+00 |1107  0.00000  0.00000e+00
1108  0.00000  0.00000e+00 |1109  0.00000  0.00000e+00 |1110  0.00000  0.00000e+00
1111  0.00000  0.00000e+00 |1112  0.00000  0.00000e+00 |1113  0.00000  0.00000e+00
1114  0.00000  0.00000e+00 |1115  0.00000  0.00000e+00 |1116  0.00000  0.00000e+00
1117  0.00000  0.00000e+00 |1118  0.00000  0.00000e+00 |1119  0.00000  0.00000e+00
1120  0.00000  0.00000e+00 |1121  0.00000  0.00000e+00 |1122  0.00000  0.00000e+00
1123  0.00000  0.00000e+00 |1124  0.00000  0.00000e+00 |1125  0.00000  0.00000e+00
1126  0.00000  0.00000e+00 |1127  0.00000  0.00000e+00 |1128  0.00000  0.00000e+00
1129  0.00000  0.00000e+00 |1130  0.00000  0.00000e+00 |1131  0.00000  0.00000e+00
1132  0.00000  0.00000e+00 |1133  0.00000  0.00000e+00 |1134  0.00000  0.00000e+00
1135  0.00000  0.00000e+00 |1136  0.00000  0.00000e+00 |1137  0.00000  0.00000e+00
1138  0.00000  0.00000e+00 |1139  0.00000  0.00000e+00 |1140  0.00000  0.00000e+00
1141  0.00000  0.00000e+00 |1142  0.00000  0.00000e+00 |1143  0.00000  0.00000e+00
1144  0.00000  0.00000e+00 |1145  0.00000  0.00000e+00 |1146  0.00000  0.00000e+00
1147  0.00000  0.00000e+00 |1148  0.00000  0.00000e+00 |1149  0.00000 -5.27117e-22
1150  0.00000 -9.32536e-22 |1151  0.00000 -1.64893e-21 |1152  0.00000 -2.83601e-21
1153  0.00000 -4.83655e-21 |1154  0.00000 -8.26540e-21 |1155  0.00000 -1.39677e-20
1156  0.00000 -2.36301e-20 |1157  0.00000 -4.04415e-20 |1158  0.00000 -6.76011e-20
1159  0.00000 -1.08211e-19 |1160  0.00000 -1.70865e-19 |1161  0.00000 -2.67380e-19
1162  0.00000 -4.05744e-19 |1163  0.00000 -1.71420e-15 |1164  0.00000 -2.74462e-09
1165  0.00000 -6.43464e-05 |1166  0.00000 -9.15020e-02 |1167  0.00000 -1.01314e+01
1168  0.00000 -7.72609e+01 |1169  0.00000 -1.24299e+02 |1170  0.00000 -1.32566e+02
1171  0.00000 -2.24461e+02 |1172  0.00000 -3.82243e+02 |1173  0.00000 -4.76720e+02
1174  0.00000 -8.11985e+02 |1175  0.00000 -9.02078e+02 |1176  0.00000 -8.34490e+02
1177  0.00000 -7.00238e+02 |1178  0.00000 -6.73081e+02 |1179  0.00000 -5.77572e+02
1180  0.00000 -4.80904e+02 |1181  0.00000 -5.39842e+02 |1182  0.00000 -4.62607e+02
1183  0.00000 -4.53796e+02 |1184  0.00000 -3.63549e+02 |1185  0.00000 -2.81711e+02
1186  0.00000 -1.98750e+02 |1187  0.00000 -1.02229e+02 |1188  0.00000 -3.88110e+01
1189  0.00000 -1.59035e+01 |1190  0.00000  0.00000e+00 |1191  0.00000  0.00000e+00
1192  0.00000  0.00000e+00 |1193  0.00000  0.00000e+00 |1194  0.00000  0.00000e+00
1195  0.00000  0.00000e+00 |1196  0.00000  0.00000e+00 |1197  0.00000  0.00000e+00
1198  0.00000  0.00000e+00 |1199  0.00000  0.00000e+00 |1200  0.00000  0.00000e+00
1201  0.00000  0.00000e+00 |1202  0.00000  0.00000e+00 |1203  0.00000  0.00000e+00
1204  0.00000  0.00000e+00 |1205  0.00000  0.00000e+00 |1206  0.00000  0.00000e+00
1207  0.00000  0.00000e+00 |1208  0.00000  0.00000e+00 |1209  0.00000  0.00000e+00
1210  0.00000  0.00000e+00 |1211  0.00000  0.00000e+00 |1212  0.00000  0.00000e+00
1213  0.00000  0.00000e+00 |1214  0.00000  0.00000e+00 |1215  0.00000  0.00000e+00
1216  0.00000  0.00000e+00 |1217  0.00000  0.00000e+00 |1218  0.00000  0.00000e+00
1219  0.00000  0.00000e+00 |1220  0.00000  0.00000e+00 |1221  0.00000  0.00000e+00
1222  0.00000  0.00000e+00 |1223  0.00000  0.00000e+00 |1224  0.00000  0.00000e+00
1225  0.00000  0.00000e+00 |1226  0.00000  0.00000e+00 |1227  0.00000  0.00000e+00
1228  0.00000  0.00000e+00 |1229  0.00000  0.00000e+00 |1230  0.00000  0.00000e+00
1231  0.00000  0.00000e+00 |1232  0.00000  0.00000e+00 |1233  0.00000  0.00000e+00
1234  0.00000  0.00000e+00 |1235  0.00000  0.00000e+00 |1236  0.00000  0.00000e+00
1237  0.00000  0.00000e+00 |1238  0.00000  0.00000e+00 |1239  0.00000  0.00000e+00
1240  0.00000  0.00000e+00 |1241  0.00000  0.00000e+00 |1242  0.00000  0.00000e+00
1243  0.00000  0.00000e+00 |1244  0.00000  0.00000e+00 |1245  0.00000  0.00000e+00
1246  0.00000  0.00000e+00 |1247  0.00000  0.00000e+00 |1248  0.00000  0.00000e+00
1249  0.00000  0.00000e+00 |1250  0.00000  0.00000e+00 |1251  0.00000  0.00000e+00
1252  0.00000  0.00000e+00 |1253  0.00000  0.00000e+00 |1254  0.00000  0.00000e+00
1255  0.00000  0.00000e+00 |1256  0.00000  0.00000e+00 |1257  0.00000  0.00000e+00
1258  0.00000  0.00000e+00 |1259  0.00000  0.00000e+00 |1260  0.00000  0.00000e+00
1261  0.00000  0.00000e+00 |1262  0.00000  0.00000e+00 |1263  0.00000  0.00000e+00
1264  0.00000  0.00000e+00 |1265  0.00000  0.00000e+00 |1266  0.00000  0.00000e+00
1267  0.00000  0.00000e+00 |1268  0.00000  0.00000e+00 |1269  0.00000  0.00000e+00
1270  0.00000  0.00000e+00 |1271 -1.60944  4.80901e+05 |1272 -1.60944  2.66397e+05
1273 -1.60944  2.64154e+05 |1274  0.00000  2.32753e+04 |1275  0.00000  2.40796e+04
1276  0.00000  2.36655e+04 |1277  0.00000  2.32725e+04 |1278  0.00000  2.21427e+04
1279  0.00000  2.12292e+04 |1280  0.00000  2.04182e+04 |1281  0.00000  1.88924e+04
1282  0.00000  1.74598e+04 |1283  0.00000  1.61264e+04 |1284  0.00000  1.48895e+04
1285  0.00000  1.46601e+04 |1286  0.00000  1.36045e+04 |1287  0.00000  1.36754e+04
1288  0.00000  1.37223e+04 |1289  0.00000  1.34479e+04 |1290  0.00000  1.29109e+04
1291  0.00000  1.40489e+04 |1292  0.00000  1.36438e+04 |1293  0.00000  1.33742e+04
1294  0.00000  1.27121e+04 |1295  0.00000  1.22774e+04 |1296  0.00000  1.19491e+04
1297  0.00000  1.10371e+04 |1298  0.00000  1.07772e+04 |1299  0.00000  1.01801e+04
1300  0.00000  9.61922e+03 |1301  0.00000  9.40498e+03 |1302  0.00000  9.41420e+03
1303  0.00000  8.64272e+03 |1304  0.00000  7.81393e+03 |1305  0.00000  7.09358e+03
1306  0.00000  6.41042e+03 |1307  0.00000  5.25925e+03 |1308  0.00000  4.56524e+03
1309  0.00000  3.85823e+03 |1310  0.00000  2.25664e+03 |1311  0.00000  8.26626e+02
1312  0.00000 -2.92307e+02 |1313  0.00000 -2.04291e+03 |1314  0.00000 -3.87646e+03
1315  0.00000 -5.52430e+03 |1316  0.00000  0.00000e+00 |1317  0.00000  0.00000e+00
1318  0.00000  0.00000e+00 |1319  0.00000  0.00000e+00 |1320  0.00000  0.00000e+00
1321  0.00000  0.00000e+00 |1322  0.00000  0.00000e+00 |1323  0.00000  0.00000e+00
1324  0.00000  0.00000e+00 |1325  0.00000  0.00000e+00 |1326  0.00000  0.00000e+00
1327  0.00000  0.00000e+00 |1328  0.00000  0.00000e+00 |1329  0.00000  0.00000e+00
1330  0.00000  0.00000e+00 |1331  0.00000  0.00000e+00 |1332  0.00000  0.00000e+00
1333  0.00000  0.00000e+00 |1334  0.00000  0.00000e+00 |1335  0.00000  0.00000e+00
1336  0.00000  0.00000e+00 |1337  0.00000  0.00000e+00 |1338  0.00000  0.00000e+00
1339  0.00000  0.00000e+00 |1340  0.00000  0.00000e+00 |1341  0.00000  0.00000e+00
1342  0.00000  0.00000e+00 |1343  0.00000  0.00000e+00 |1344  0.00000  0.00000e+00
1345  0.00000  0.00000e+00 |1346  0.00000  0.00000e+00 |1347  0.00000  0.00000e+00
1348  0.00000  0.00000e+00 |1349  0.00000  0.00000e+00 |1350  0.00000  0.00000e+00
1351  0.00000  0.00000e+00 |1352  0.00000  0.00000e+00 |1353  0.00000  0.00000e+00
1354  0.00000  0.00000e+00 |1355  0.00000  0.00000e+00 |1356  0.00000  0.00000e+00
1357  0.00000  0.00000e+00 |1358  0.00000  0.00000e+00 |1359  0.00000  0.00000e+00
1360  0.00000  0.00000e+00 |1361  0.00000  0.00000e+00 |1362  0.00000  0.00000e+00
1363  0.00000  0.00000e+00 |1364  0.00000  0.00000e+00 |1365  0.00000  0.00000e+00
1366  0.00000  0.00000e+00 |1367  0.00000  0.00000e+00 |1368  0.00000  0.00000e+00
1369  0.00000  0.00000e+00 |1370  0.00000  0.00000e+00 |1371  0.00000  0.00000e+00
1372  0.00000  0.00000e+00 |1373  0.00000  0.00000e+00 |1374  0.00000  0.00000e+00
1375  0.00000  0.00000e+00 |1376  0.00000  0.00000e+00 |1377  0.00000  0.00000e+00
1378  0.00000  0.00000e+00 |1379  0.00000  0.00000e+00 |1380  0.00000  0.00000e+00
1381  0.00000  0.00000e+00 |1382  0.00000  0.00000e+00 |1383  0.00000  0.00000e+00
1384  0.00000  0.00000e+00 |1385  0.00000  0.00000e+00 |1386  0.00000  0.00000e+00
1387  0.00000  0.00000e+00 |1388  0.00000  0.00000e+00 |1389  0.00000  0.00000e+00
1390  0.00000  0.00000e+00 |1391  0.00000  0.00000e+00 |1392  0.00000  0.00000e+00
1393  0.00000  0.00000e+00 |1394  0.00000  0.00000e+00 |1395  0.00000  0.00000e+00
1396  0.00000  0.00000e+00 |1397  0.00000  1.28316e+04 |1398  0.00000  1.27017e+04
1399  0.00000  1.21262e+04 |1400  0.00000  1.15729e+04 |1401  0.00000  1.09418e+04
1402  0.00000  1.03319e+04 |1403  0.00000  9.68149e+03 |1404  0.00000  8.92778e+03
1405  0.00000  8.05501e+03 |1406  0.00000  6.89647e+03 |1407  0.00000  5.86712e+03
1408  0.00000  5.03940e+03 |1409  0.00000  4.65821e+03 |1410  0.00000  4.77890e+03
1411  0.00000  5.40808e+03 |1412  0.00000  6.29122e+03 |1413  0.00000  6.53792e+03
1414  0.00000  7.17373e+03 |1415  0.00000  7.45944e+03 |1416  0.00000  7.81688e+03
1417  0.00000  7.84004e+03 |1418  0.00000  7.84827e+03 |1419  0.00000  7.34465e+03
1420  0.00000  7.14296e+03 |1421  0.00000  6.89056e+03 |1422  0.00000  7.09483e+03
1423  0.00000  6.73807e+03 |1424  0.00000  6.72175e+03 |1425  0.00000  6.31697e+03
1426  0.00000  6.23584e+03 |1427  0.00000  6.27131e+03 |1428  0.00000  5.71125e+03
1429  0.00000  4.93070e+03 |1430  0.00000  4.30868e+03 |1431  0.00000  3.74334e+03
1432  0.00000  3.91034e+03 |1433  0.00000  2.49482e+03 |1434  0.00000  1.64400e+03
1435  0.00000  9.74827e+02 |1436  0.00000  1.18751e+02 |1437  0.00000 -1.12444e+03
1438  0.00000 -1.85862e+03 |1439  0.00000  0.00000e+00 |1440  0.00000  0.00000e+00
1441  0.00000  0.00000e+00 |1442  0.00000  0.00000e+00 |1443  0.00000  0.00000e+00
1444  0.00000  0.00000e+00 |1445  0.00000  0.00000e+00 |1446  0.00000  0.00000e+00
1447  0.00000  0.00000e+00 |1448  0.00000  0.00000e+00 |1449  0.00000  0.00000e+00
1450  0.00000  0.00000e+00 |1451  0.00000  0.00000e+00 |1452  0.00000  0.00000e+00
1453  0.00000  0.00000e+00 |1454  0.00000  0.00000e+00 |1455  0.00000  0.00000e+00
1456  0.00000  0.00000e+00 |1457  0.00000  0.00000e+00 |1458  0.00000  0.00000e+00
1459  0.00000  0.00000e+00 |1460  0.00000  0.00000e+00 |1461  0.00000  0.00000e+00
1462  0.00000  0.00000e+00 |1463  0.00000  0.00000e+00 |1464  0.00000  0.00000e+00
1465  0.00000  0.00000e+00 |1466  0.00000  0.00000e+00 |1467  0.00000  0.00000e+00
1468  0.00000  0.00000e+00 |1469  0.00000  0.00000e+00 |1470  0.00000  0.00000e+00
1471  0.00000  0.00000e+00 |1472  0.00000  0.00000e+00 |1473  0.00000  0.00000e+00
1474  0.00000  0.00000e+00 |1475  0.00000  0.00000e+00 |1476  0.00000  0.00000e+00
1477  0.00000  0.00000e+00 |1478  0.00000  0.00000e+00 |1479  0.00000  0.00000e+00
1480  0.00000  0.00000e+00 |1481  0.00000  0.00000e+00 |1482  0.00000  0.00000e+00
1483  0.00000  0.00000e+00 |1484  0.00000  0.00000e+00 |1485  0.00000  0.00000e+00
1486  0.00000  0.00000e+00 |1487  0.00000  0.00000e+00 |1488  0.00000  0.00000e+00
1489  0.00000  0.00000e+00 |1490  0.00000  0.00000e+00 |1491  0.00000  0.00000e+00
1492  0.00000  0.00000e+00 |1493  0.00000  0.00000e+00 |1494  0.00000  0.00000e+00
1495  0.00000  0.00000e+00 |1496  0.00000  0.00000e+00 |1497  0.00000  0.00000e+00
1498  0.00000  0.00000e+00 |1499  0.00000  0.00000e+00 |1500  0.00000  0.00000e+00
1501  0.00000  0.00000e+00 |1502  0.00000  0.00000e+00 |1503  0.00000  0.00000e+00
1504  0.00000  0.00000e+00 |1505  0.00000  0.00000e+00 |1506  0.00000  0.00000e+00
1507  0.00000  0.00000e+00 |1508  0.00000  0.00000e+00 |1509  0.00000  0.00000e+00
1510  0.00000  0.00000e+00 |1511  0.00000  0.00000e+00 |1512  0.00000  0.00000e+00
1513  0.00000  0.00000e+00 |1514  0.00000  0.00000e+00 |1515  0.00000  0.00000e+00
1516  0.00000  0.00000e+00 |1517  0.00000  0.00000e+00 |1518  0.00000  0.00000e+00
1519  0.00000  0.00000e+00 |1520  0.00000  8.58430e+03 |1521  0.00000  9.41830e+03
1522  0.00000  9.75288e+03 |1523  0.00000  1.02126e+04 |1524  0.00000  1.04277e+04
1525  0.00000  1.03021e+04 |1526  0.00000  1.03229e+04 |1527  0.00000  9.50206e+03
1528  0.00000  9.56209e+03 |1529  0.00000  9.73679e+03 |1530  0.00000  1.00729e+04
1531  0.00000  1.05280e+04 |1532  0.00000  1.07384e+04 |1533  0.00000  1.01358e+04
1534  0.00000  1.05908e+04 |1535  0.00000  9.76610e+03 |1536  0.00000  9.51952e+03
1537  0.00000  9.80073e+03 |1538  0.00000  8.71484e+03 |1539  0.00000  8.51375e+03
1540  0.00000  7.76930e+03 |1541  0.00000  7.63983e+03 |1542  0.00000  7.26072e+03
1543  0.00000  6.61561e+03 |1544  0.00000  5.91594e+03 |1545  0.00000  5.48015e+03
1546  0.00000  4.67150e+03 |1547  0.00000  4.40026e+03 |1548  0.00000  4.13262e+03
1549  0.00000  3.77075e+03 |1550  0.00000  3.29051e+03 |1551  0.00000  2.93691e+03
1552  0.00000  2.89146e+03 |1553  0.00000  2.37227e+03 |1554  0.00000  1.96964e+03
1555  0.00000  9.43634e+02 |1556  0.00000  4.06376e+02 |1557  0.00000  3.04585e+01
1558  0.00000 -5.23263e+02 |1559  0.00000 -1.18535e+03 |1560  0.00000 -1.78509e+03
1561  0.00000 -1.05293e+03 |1562  0.00000  0.00000e+00 |1563  0.00000  0.00000e+00
1564  0.00000  0.00000e+00 |1565  0.00000  0.00000e+00 |1566  0.00000  0.00000e+00
1567  0.00000  0.00000e+00 |1568  0.00000  0.00000e+00 |1569  0.00000  0.00000e+00
1570  0.00000  0.00000e+00 |1571  0.00000  0.00000e+00 |1572  0.00000  0.00000e+00
1573  0.00000  0.00000e+00 |1574  0.00000  0.00000e+00 |1575  0.00000  0.00000e+00
1576  0.00000  0.00000e+00 |1577  0.00000  0.00000e+00 |1578  0.00000  0.00000e+00
1579  0.00000  0.00000e+00 |1580  0.00000  0.00000e+00 |1581  0.00000  0.00000e+00
1582  0.00000  0.00000e+00 |1583  0.00000  0.00000e+00 |1584  0.00000  0.00000e+00
1585  0.00000  0.00000e+00 |1586  0.00000  0.00000e+00 |1587  0.00000  0.00000e+00
1588  0.00000  0.00000e+00 |1589  0.00000  0.00000e+00 |1590  0.00000  0.00000e+00
1591  0.00000  0.00000e+00 |1592  0.00000  0.00000e+00 |1593  0.00000  0.00000e+00
1594  0.00000  0.00000e+00 |1595  0.00000  0.00000e+00 |1596  0.00000  0.00000e+00
1597  0.00000  0.00000e+00 |1598  0.00000  0.00000e+00 |1599  0.00000  0.00000e+00
1600  0.00000  0.00000e+00 |1601  0.00000  0.00000e+00 |1602  0.00000  0.00000e+00
1603  0.00000  0.00000e+00 |1604  0.00000  0.00000e+00 |1605  0.00000  0.00000e+00
1606  0.00000  0.00000e+00 |1607  0.00000  0.00000e+00 |1608  0.00000  0.00000e+00
1609  0.00000  0.00000e+00 |1610  0.00000  0.00000e+00 |1611  0.00000  0.00000e+00
1612  0.00000  0.00000e+00 |1613  0.00000  0.00000e+00 |1614  0.00000  0.00000e+00
1615  0.00000  0.00000e+00 |1616  0.00000  0.00000e+00 |1617  0.00000  0.00000e+00
1618  0.00000  0.00000e+00 |1619  0.00000  0.00000e+00 |1620  0.00000  0.00000e+00
1621  0.00000  0.00000e+00 |1622  0.00000  0.00000e+00 |1623  0.00000  0.00000e+00
1624  0.00000  0.00000e+00 |1625  0.00000  0.00000e+00 |1626  0.00000  0.00000e+00
1627  0.00000  0.00000e+00 |1628  0.00000  0.00000e+00 |1629  0.00000  0.00000e+00
1630  0.00000  0.00000e+00 |1631  0.00000  0.00000e+00 |1632  0.00000  0.00000e+00
1633  0.00000  0.00000e+00 |1634  0.00000  0.00000e+00 |1635  0.00000  0.00000e+00
1636  0.00000  0.00000e+00 |1637  0.00000  0.00000e+00 |1638  0.00000  0.00000e+00
1639  0.00000  0.00000e+00 |1640  0.00000  0.00000e+00 |1641  0.00000  0.00000e+00
1642  0.00000  0.00000e+00 |1643  1.00000  2.16579e-08 |1644  1.00000  2.16579e-08
1645  1.00000  2.16579e-08 |1646  1.00000  2.16579e-08 |1647  1.00000  2.16579e-08
1648  1.00000  2.16579e-08 |1649  1.00000  2.16579e-08 |1650  1.00000  2.16579e-08
1651  1.00000  2.16579e-08 |1652  1.00000  2.16579e-08 |1653  1.00000  2.16579e-08
1654  1.00000  2.16579e-08 |1655  1.00000  2.16579e-08 |1656  1.00000  2.16579e-08
1657  1.00000  2.16579e-08 |1658  1.00000  2.16579e-08 |1659  1.00000  2.16579e-08
1660  1.00000  2.16579e-08 |1661  1.00000  2.16579e-08 |1662  1.00000  2.16579e-08
1663  1.00000  2.16579e-08 |1664  1.00000  2.16579e-08 |1665  1.00000  2.16579e-08
1666  1.00000  2.16579e-08 |1667  1.00000  2.16579e-08 |1668  1.00000  2.16579e-08
1669  1.00000  2.16579e-08 |1670  1.00000  2.16579e-08 |1671  1.00000  2.16579e-08
1672  1.00000  2.16579e-08 |1673  1.00000  2.16579e-08 |1674  1.00000  2.16579e-08
1675  1.00000  2.16579e-08 |1676  1.00000  2.16579e-08 |1677  3.00000 -1.29644e+05
1678  3.00000 -9.64491e+04 |1679  3.00000 -4.18556e+04 |1680  2.00000 -2.32971e+03
1681  2.00000  1.10987e+03 |1682  2.00000 -5.29689e+03 |1683  0.00000  1.89929e+05
1684  0.00000 -1.47258e+04 |1685  0.00000  1.30975e+05 |1686  0.00000  2.29857e+04
1687  0.00000  9.33303e+04 |1688  0.00000  1.52187e+04 |1689  0.00000  6.00887e+03
1690  0.00000  1.67315e+04 |1691  0.00000  1.37538e+05 |1692  0.00000  9.10974e+04
1693  0.00000  1.47476e+04 |1694  0.00000  2.02843e+05 |1695  0.67828 -1.83619e+04
1696  0.67828 -4.18820e+03 |1697  0.67828 -5.89936e+03 |1698  0.67828 -1.51847e+03
1699  0.67828 -1.23017e+04 |1700  0.67828 -3.12171e+04 |1701  0.67828 -2.74471e+04
1702  0.67828 -2.15299e+04 |1703  0.67828 -2.88626e+04 |1704  0.67828 -1.54333e+04
1705  0.67828 -4.33167e+04 |1706  0.67828 -9.11548e+03 |1707  0.67828 -6.47877e+03
1708  0.67828  1.16740e+03 |1709  0.67828 -2.01402e+04 |1710  0.67828 -1.14766e+04
1711  0.67828 -2.17981e+04 |1712  0.67828 -2.17855e+04 |1713  0.67828 -2.17524e+04
1714  0.67828 -1.78435e+04 |1715  0.67828 -3.94921e+03 |1716  0.67828 -3.22086e+03
1717  0.67828 -4.11860e+03 |1718  0.67828  2.26232e+03 |1719  0.67828 -1.90509e+04
1720  0.67828 -2.01042e+04 |1721  0.67828 -1.76383e+04 |1722  0.67828 -9.17172e+03
1723  0.67828 -1.11730e+04 |1724  0.67828 -7.10890e+03 |1725  0.67828 -6.98413e+03
1726  0.67828 -6.58432e+03 |1727  0.67828 -7.21936e+03 |1728  0.67828  1.52489e+03
1729  0.67828 -3.24249e+04 |1730  0.67828 -1.48046e+04 |1731  0.67828 -7.07960e+03
1732  0.67828 -1.29555e+04 |1733  0.67828 -7.54783e+03 |1734  0.67828 -1.21631e+04
1735  1.00000  1.79825e+00 |1736  1.00000  1.10977e+00 |1737  1.00000  5.49017e-01
1738  1.00000  5.86174e-01 |1739  1.00000  4.48794e+00 |1740  1.00000  2.65308e+00
1741  1.00000  1.36958e+00 |1742  1.00000  1.43880e+00 |1743 -2.30259  3.03997e+04
1744 -2.30259  5.70907e+04 |1745 -2.30259  1.45983e+05 |1746 -2.30259 -3.35971e+03
1747 -2.30259  1.05467e+05 |1748 -2.30259  3.60470e+04 |1749 -2.30259  7.38445e+04
1750 -2.30259  2.76369e+04 |1751 -2.30259  1.26249e+04 |1752 -2.30259  2.66364e+04
1753 18.82093 -1.10833e+04 |
Maximum number of function evaluations exceeded
Warning: the following parameters had issues
  logit_vuln[1] is within 0.1% of upper bound: -1.00000e+01 < 1.00000e+01 < 1.00000e+01
  logit_vuln[2] is within 0.1% of upper bound: -1.00000e+01 < 1.00000e+01 < 1.00000e+01
  logit_vuln[3] is within 0.1% of upper bound: -1.00000e+01 < 1.00000e+01 < 1.00000e+01
  logit_vuln[4] is within 0.1% of upper bound: -1.00000e+01 < 1.00000e+01 < 1.00000e+01
  logit_vuln[5] is within 0.1% of upper bound: -1.00000e+01 < 1.00000e+01 < 1.00000e+01
  logit_vuln[6] is within 0.1% of upper bound: -1.00000e+01 < 1.00000e+01 < 1.00000e+01
  logit_vuln[7] is within 0.1% of upper bound: -1.00000e+01 < 1.00000e+01 < 1.00000e+01
  logit_vuln[8] is within 0.1% of upper bound: -1.00000e+01 < 1.00000e+01 < 1.00000e+01
  logit_vuln[9] is within 0.1% of upper bound: -1.00000e+01 < 1.00000e+01 < 1.00000e+01
  logit_vuln[10] is within 0.1% of upper bound: -1.00000e+01 < 1.00000e+01 < 1.00000e+01
  logit_vuln[11] is within 0.1% of upper bound: -1.00000e+01 < 1.00000e+01 < 1.00000e+01
  logit_vuln[12] is within 0.1% of upper bound: -1.00000e+01 < 1.00000e+01 < 1.00000e+01
  logit_vuln[13] is within 0.1% of upper bound: -1.00000e+01 < 1.00000e+01 < 1.00000e+01
  logit_vuln[14] is within 0.1% of upper bound: -1.00000e+01 < 1.00000e+01 < 1.00000e+01
  logit_vuln[15] is within 0.1% of upper bound: -1.00000e+01 < 1.00000e+01 < 1.00000e+01
  logit_vuln[16] is within 0.1% of upper bound: -1.00000e+01 < 1.00000e+01 < 1.00000e+01
  logit_vuln[17] is within 0.1% of upper bound: -1.00000e+01 < 1.00000e+01 < 1.00000e+01
  logit_vuln[18] is within 0.1% of upper bound: -1.00000e+01 < 1.00000e+01 < 1.00000e+01
  logit_vuln[19] is within 0.1% of upper bound: -1.00000e+01 < 1.00000e+01 < 1.00000e+01
  logit_vuln[20] is within 0.1% of upper bound: -1.00000e+01 < 1.00000e+01 < 1.00000e+01
  logit_vuln[21] is within 0.1% of upper bound: -1.00000e+01 < 1.00000e+01 < 1.00000e+01
  logit_vuln[22] is within 0.1% of upper bound: -1.00000e+01 < 1.00000e+01 < 1.00000e+01
  logit_vuln[23] is within 0.1% of upper bound: -1.00000e+01 < 1.00000e+01 < 1.00000e+01
  logit_vuln[24] is within 0.1% of upper bound: -1.00000e+01 < 1.00000e+01 < 1.00000e+01
  logit_vuln[25] is within 0.1% of upper bound: -1.00000e+01 < 1.00000e+01 < 1.00000e+01
  logit_vuln[26] is within 0.1% of upper bound: -1.00000e+01 < 1.00000e+01 < 1.00000e+01
  logit_vuln[27] is within 0.1% of upper bound: -1.00000e+01 < 1.00000e+01 < 1.00000e+01
  logit_vuln[28] is within 0.1% of upper bound: -1.00000e+01 < 1.00000e+01 < 1.00000e+01
  logit_vuln[29] is within 0.1% of upper bound: -1.00000e+01 < 1.00000e+01 < 1.00000e+01
  logit_vuln[30] is within 0.1% of upper bound: -1.00000e+01 < 1.00000e+01 < 1.00000e+01
  logit_vuln[31] is within 0.1% of upper bound: -1.00000e+01 < 1.00000e+01 < 1.00000e+01
  logit_vuln[32] is within 0.1% of upper bound: -1.00000e+01 < 1.00000e+01 < 1.00000e+01
  logit_vuln[33] is within 0.1% of upper bound: -1.00000e+01 < 1.00000e+01 < 1.00000e+01
  logit_vuln[34] is within 0.1% of upper bound: -1.00000e+01 < 1.00000e+01 < 1.00000e+01


 - final statistics:
1753 variables; iteration 1; function evaluation 1
Function value 2.2298e+06; maximum gradient component mag 4.8090e+05
Exit code = 3;  converg criter 1.0000e-04
Var    Value     Gradient |Var    Value     Gradient |Var    Value     Gradient
  1  4.32072 -6.25785e+03 |  2  4.17063 -3.64439e+03 |  3  3.75575 -2.73656e+03
  4  3.92193 -3.73032e+03 |  5  2.77641 -1.58726e+03 |  6  7.11415 -4.61873e+03
  7  7.11415 -2.38865e+03 |  8  7.17608 -2.26538e+03 |  9  7.17608 -2.16404e+03
 10  7.90997 -9.32348e+03 | 11  5.15325 -6.96196e+03 | 12  5.39598 -4.83242e+03
 13  5.29270 -4.20695e+03 | 14  5.18100 -3.64720e+03 | 15  5.08237 -1.20139e+04
 16  2.35608 -4.27284e+01 | 17  2.37347 -1.50228e+02 | 18  2.18283 -2.43864e+02
 19  2.24074 -4.55662e+02 | 20  1.40935 -3.19499e+02 | 21  4.86423 -2.41347e+03
 22  5.76942 -2.63890e+03 | 23  6.39163 -4.88792e+03 | 24  6.37683 -4.53044e+03
 25  6.58680 -1.51059e+04 | 26  4.90802 -3.91031e+03 | 27  5.03534 -2.54713e+03
 28  4.71249 -1.83733e+03 | 29  4.34112 -1.35736e+03 | 30  4.61521 -8.67934e+03
 31  3.78500 -5.34413e+03 | 32  3.68298 -5.68117e+03 | 33  3.38307 -5.41624e+03
 34  2.92629 -4.70684e+03 | 35  2.10373 -3.26420e+03 | 36  4.05858 -2.26647e+03
 37  4.45644 -1.25883e+03 | 38  4.55327 -1.30858e+03 | 39  4.72499 -1.51557e+03
 40  5.08442 -8.86172e+03 | 41  4.76106 -1.88110e+02 | 42  4.87840 -3.92583e+02
 43  4.77304 -5.07168e+02 | 44  4.62807 -6.16089e+02 | 45  4.71969 -8.95860e+02
 46  4.77936 -2.74641e+03 | 47  5.31066 -1.76589e+03 | 48  5.42692 -1.86941e+03
 49  5.60763 -2.18588e+03 | 50  6.51473 -5.46540e+03 | 51  0.00000 -3.07847e-22
 52  0.00000 -4.59526e-22 | 53  0.00000 -6.47671e-22 | 54  0.00000 -8.73261e-22
 55  0.00000 -1.17772e-21 | 56  0.00000 -9.98695e-16 | 57  0.00000 -8.64243e-09
 58  0.00000 -5.40713e-04 | 59  0.00000 -6.21500e-01 | 60  0.00000 -4.74048e+01
 61  0.00000 -3.38176e+02 | 62  0.00000 -7.24416e+02 | 63  0.00000 -1.33178e+03
 64  0.00000 -1.67670e+03 | 65  0.00000 -1.67883e+03 | 66  0.00000 -1.86097e+03
 67  0.00000 -1.42706e+03 | 68  0.00000 -1.30392e+03 | 69  0.00000 -1.06699e+03
 70  0.00000 -1.23058e+03 | 71  0.00000 -1.23583e+03 | 72  0.00000 -9.88447e+02
 73  0.00000 -1.16377e+03 | 74  0.00000 -1.05226e+03 | 75  0.00000 -7.45202e+02
 76  0.00000 -1.14584e+03 | 77  0.00000 -1.18474e+03 | 78  0.00000 -1.06326e+03
 79  0.00000 -9.40554e+02 | 80  0.00000 -1.01097e+03 | 81  0.00000 -9.01726e+02
 82  0.00000 -7.67874e+02 | 83  0.00000 -1.04258e+03 | 84  0.00000 -9.02559e+02
 85  0.00000 -1.00348e+03 | 86  0.00000 -8.53549e+02 | 87  0.00000 -7.21046e+02
 88  0.00000 -5.48827e+02 | 89  0.00000 -2.92279e+02 | 90  0.00000 -1.06955e+02
 91  0.00000 -2.56841e+01 | 92  0.00000  0.00000e+00 | 93  0.00000  0.00000e+00
 94  0.00000  0.00000e+00 | 95  0.00000  0.00000e+00 | 96  0.00000  0.00000e+00
 97  0.00000  0.00000e+00 | 98  0.00000  0.00000e+00 | 99  0.00000  0.00000e+00
100  0.00000  0.00000e+00 |101  0.00000  0.00000e+00 |102  0.00000  0.00000e+00
103  0.00000  0.00000e+00 |104  0.00000  0.00000e+00 |105  0.00000  0.00000e+00
106  0.00000  0.00000e+00 |107  0.00000  0.00000e+00 |108  0.00000  0.00000e+00
109  0.00000  0.00000e+00 |110  0.00000  0.00000e+00 |111  0.00000  0.00000e+00
112  0.00000  0.00000e+00 |113  0.00000  0.00000e+00 |114  0.00000  0.00000e+00
115  0.00000  0.00000e+00 |116  0.00000  0.00000e+00 |117  0.00000  0.00000e+00
118  0.00000  0.00000e+00 |119  0.00000  0.00000e+00 |120  0.00000  0.00000e+00
121  0.00000  0.00000e+00 |122  0.00000  0.00000e+00 |123  0.00000  0.00000e+00
124  0.00000  0.00000e+00 |125  0.00000  0.00000e+00 |126  0.00000  0.00000e+00
127  0.00000  0.00000e+00 |128  0.00000  0.00000e+00 |129  0.00000  0.00000e+00
130  0.00000  0.00000e+00 |131  0.00000  0.00000e+00 |132  0.00000  0.00000e+00
133  0.00000  0.00000e+00 |134  0.00000  0.00000e+00 |135  0.00000  0.00000e+00
136  0.00000  0.00000e+00 |137  0.00000  0.00000e+00 |138  0.00000  0.00000e+00
139  0.00000  0.00000e+00 |140  0.00000  0.00000e+00 |141  0.00000  0.00000e+00
142  0.00000  0.00000e+00 |143  0.00000  0.00000e+00 |144  0.00000  0.00000e+00
145  0.00000  0.00000e+00 |146  0.00000  0.00000e+00 |147  0.00000  0.00000e+00
148  0.00000  0.00000e+00 |149  0.00000  0.00000e+00 |150  0.00000  0.00000e+00
151  0.00000  0.00000e+00 |152  0.00000  0.00000e+00 |153  0.00000  0.00000e+00
154  0.00000  0.00000e+00 |155  0.00000  0.00000e+00 |156  0.00000  0.00000e+00
157  0.00000  0.00000e+00 |158  0.00000  0.00000e+00 |159  0.00000  0.00000e+00
160  0.00000  0.00000e+00 |161  0.00000  0.00000e+00 |162  0.00000  0.00000e+00
163  0.00000  0.00000e+00 |164  0.00000  0.00000e+00 |165  0.00000  0.00000e+00
166  0.00000  0.00000e+00 |167  0.00000  0.00000e+00 |168  0.00000  0.00000e+00
169  0.00000  0.00000e+00 |170  0.00000  0.00000e+00 |171  0.00000  0.00000e+00
172  0.00000  0.00000e+00 |173  0.00000 -1.20373e-22 |174  0.00000 -1.35399e-22
175  0.00000 -1.53319e-22 |176  0.00000 -1.73553e-22 |177  0.00000 -1.97946e-22
178  0.00000 -2.29232e-22 |179  0.00000 -2.68385e-22 |180  0.00000 -3.18714e-22
181  0.00000 -3.85671e-22 |182  0.00000 -4.65721e-22 |183  0.00000 -5.64800e-22
184  0.00000 -6.64166e-22 |185  0.00000 -7.89141e-22 |186  0.00000 -9.39363e-22
187  0.00000 -1.11533e-21 |188  0.00000 -1.46142e-21 |189  0.00000 -1.32491e-15
190  0.00000 -3.33098e-10 |191  0.00000 -2.56172e-06 |192  0.00000 -2.37894e-03
193  0.00000 -3.00983e-01 |194  0.00000 -9.60094e+00 |195  0.00000 -4.35262e+01
196  0.00000 -1.25210e+02 |197  0.00000 -1.90532e+02 |198  0.00000 -5.52004e+02
199  0.00000 -9.12057e+02 |200  0.00000 -1.15963e+03 |201  0.00000 -1.21638e+03
202  0.00000 -1.43548e+03 |203  0.00000 -1.32744e+03 |204  0.00000 -1.12522e+03
205  0.00000 -1.31736e+03 |206  0.00000 -1.04123e+03 |207  0.00000 -9.91408e+02
208  0.00000 -7.52084e+02 |209  0.00000 -5.89558e+02 |210  0.00000 -4.20589e+02
211  0.00000 -2.13131e+02 |212  0.00000 -6.52731e+01 |213  0.00000 -1.43947e+01
214  0.00000  0.00000e+00 |215  0.00000  0.00000e+00 |216  0.00000  0.00000e+00
217  0.00000  0.00000e+00 |218  0.00000  0.00000e+00 |219  0.00000  0.00000e+00
220  0.00000  0.00000e+00 |221  0.00000  0.00000e+00 |222  0.00000  0.00000e+00
223  0.00000  0.00000e+00 |224  0.00000  0.00000e+00 |225  0.00000  0.00000e+00
226  0.00000  0.00000e+00 |227  0.00000  0.00000e+00 |228  0.00000  0.00000e+00
229  0.00000  0.00000e+00 |230  0.00000  0.00000e+00 |231  0.00000  0.00000e+00
232  0.00000  0.00000e+00 |233  0.00000  0.00000e+00 |234  0.00000  0.00000e+00
235  0.00000  0.00000e+00 |236  0.00000  0.00000e+00 |237  0.00000  0.00000e+00
238  0.00000  0.00000e+00 |239  0.00000  0.00000e+00 |240  0.00000  0.00000e+00
241  0.00000  0.00000e+00 |242  0.00000  0.00000e+00 |243  0.00000  0.00000e+00
244  0.00000  0.00000e+00 |245  0.00000  0.00000e+00 |246  0.00000  0.00000e+00
247  0.00000  0.00000e+00 |248  0.00000  0.00000e+00 |249  0.00000  0.00000e+00
250  0.00000  0.00000e+00 |251  0.00000  0.00000e+00 |252  0.00000  0.00000e+00
253  0.00000  0.00000e+00 |254  0.00000  0.00000e+00 |255  0.00000  0.00000e+00
256  0.00000  0.00000e+00 |257  0.00000  0.00000e+00 |258  0.00000  0.00000e+00
259  0.00000  0.00000e+00 |260  0.00000  0.00000e+00 |261  0.00000  0.00000e+00
262  0.00000  0.00000e+00 |263  0.00000  0.00000e+00 |264  0.00000  0.00000e+00
265  0.00000  0.00000e+00 |266  0.00000  0.00000e+00 |267  0.00000  0.00000e+00
268  0.00000  0.00000e+00 |269  0.00000  0.00000e+00 |270  0.00000  0.00000e+00
271  0.00000  0.00000e+00 |272  0.00000  0.00000e+00 |273  0.00000  0.00000e+00
274  0.00000  0.00000e+00 |275  0.00000  0.00000e+00 |276  0.00000  0.00000e+00
277  0.00000  0.00000e+00 |278  0.00000  0.00000e+00 |279  0.00000  0.00000e+00
280  0.00000  0.00000e+00 |281  0.00000  0.00000e+00 |282  0.00000  0.00000e+00
283  0.00000  0.00000e+00 |284  0.00000  0.00000e+00 |285  0.00000  0.00000e+00
286  0.00000  0.00000e+00 |287  0.00000  0.00000e+00 |288  0.00000  0.00000e+00
289  0.00000  0.00000e+00 |290  0.00000  0.00000e+00 |291  0.00000  0.00000e+00
292  0.00000  0.00000e+00 |293  0.00000  0.00000e+00 |294  0.00000  0.00000e+00
295  0.00000 -6.39872e-23 |296  0.00000 -6.75200e-23 |297  0.00000 -7.71701e-23
298  0.00000 -5.94092e-15 |299  0.00000 -6.34768e-08 |300  0.00000 -8.32841e-04
301  0.00000 -4.77068e-01 |302  0.00000 -2.78846e+01 |303  0.00000 -3.35854e+02
304  0.00000 -1.80682e+03 |305  0.00000 -4.50539e+03 |306  0.00000 -4.89562e+03
307  0.00000 -6.23459e+03 |308  0.00000 -7.38451e+03 |309  0.00000 -8.02559e+03
310  0.00000 -9.63585e+03 |311  0.00000 -8.36534e+03 |312  0.00000 -8.69271e+03
313  0.00000 -7.19317e+03 |314  0.00000 -8.91811e+03 |315  0.00000 -8.37233e+03
316  0.00000 -7.65863e+03 |317  0.00000 -8.79894e+03 |318  0.00000 -7.78373e+03
319  0.00000 -5.56591e+03 |320  0.00000 -7.52259e+03 |321  0.00000 -6.45154e+03
322  0.00000 -5.29902e+03 |323  0.00000 -4.95009e+03 |324  0.00000 -4.74095e+03
325  0.00000 -4.07549e+03 |326  0.00000 -3.29318e+03 |327  0.00000 -3.55786e+03
328  0.00000 -2.42984e+03 |329  0.00000 -3.57806e+03 |330  0.00000 -2.56073e+03
331  0.00000 -1.83998e+03 |332  0.00000 -1.16012e+03 |333  0.00000 -8.51806e+02
334  0.00000 -2.56016e+02 |335  0.00000 -5.80753e+01 |336  0.00000  0.00000e+00
337  0.00000  0.00000e+00 |338  0.00000  0.00000e+00 |339  0.00000  0.00000e+00
340  0.00000  0.00000e+00 |341  0.00000  0.00000e+00 |342  0.00000  0.00000e+00
343  0.00000  0.00000e+00 |344  0.00000  0.00000e+00 |345  0.00000  0.00000e+00
346  0.00000  0.00000e+00 |347  0.00000  0.00000e+00 |348  0.00000  0.00000e+00
349  0.00000  0.00000e+00 |350  0.00000  0.00000e+00 |351  0.00000  0.00000e+00
352  0.00000  0.00000e+00 |353  0.00000  0.00000e+00 |354  0.00000  0.00000e+00
355  0.00000  0.00000e+00 |356  0.00000  0.00000e+00 |357  0.00000  0.00000e+00
358  0.00000  0.00000e+00 |359  0.00000  0.00000e+00 |360  0.00000  0.00000e+00
361  0.00000  0.00000e+00 |362  0.00000  0.00000e+00 |363  0.00000  0.00000e+00
364  0.00000  0.00000e+00 |365  0.00000  0.00000e+00 |366  0.00000  0.00000e+00
367  0.00000  0.00000e+00 |368  0.00000  0.00000e+00 |369  0.00000  0.00000e+00
370  0.00000  0.00000e+00 |371  0.00000  0.00000e+00 |372  0.00000  0.00000e+00
373  0.00000  0.00000e+00 |374  0.00000  0.00000e+00 |375  0.00000  0.00000e+00
376  0.00000  0.00000e+00 |377  0.00000  0.00000e+00 |378  0.00000  0.00000e+00
379  0.00000  0.00000e+00 |380  0.00000  0.00000e+00 |381  0.00000  0.00000e+00
382  0.00000  0.00000e+00 |383  0.00000  0.00000e+00 |384  0.00000  0.00000e+00
385  0.00000  0.00000e+00 |386  0.00000  0.00000e+00 |387  0.00000  0.00000e+00
388  0.00000  0.00000e+00 |389  0.00000  0.00000e+00 |390  0.00000  0.00000e+00
391  0.00000  0.00000e+00 |392  0.00000  0.00000e+00 |393  0.00000  0.00000e+00
394  0.00000  0.00000e+00 |395  0.00000  0.00000e+00 |396  0.00000  0.00000e+00
397  0.00000  0.00000e+00 |398  0.00000  0.00000e+00 |399  0.00000  0.00000e+00
400  0.00000  0.00000e+00 |401  0.00000  0.00000e+00 |402  0.00000  0.00000e+00
403  0.00000  0.00000e+00 |404  0.00000  0.00000e+00 |405  0.00000  0.00000e+00
406  0.00000  0.00000e+00 |407  0.00000  0.00000e+00 |408  0.00000  0.00000e+00
409  0.00000  0.00000e+00 |410  0.00000  0.00000e+00 |411  0.00000  0.00000e+00
412  0.00000  0.00000e+00 |413  0.00000  0.00000e+00 |414  0.00000  0.00000e+00
415  0.00000  0.00000e+00 |416  0.00000  0.00000e+00 |417  0.00000 -1.59464e+02
418  0.00000 -4.03546e+01 |419 -0.00000  3.71699e+01 |420 -0.00000  7.88051e+01
421 -0.00000  1.07034e+02 |422 -0.00000  1.25257e+02 |423 -0.00000  1.42828e+02
424 -0.00000  1.59894e+02 |425 -0.00000  1.77369e+02 |426 -0.00000  1.94576e+02
427 -0.00000  2.10929e+02 |428 -0.00000  2.23529e+02 |429 -0.00000  2.32554e+02
430 -0.00000  2.39315e+02 |431 -0.00000  2.43019e+02 |432 -0.00000  2.44917e+02
433 -0.00000  2.43635e+02 |434 -0.00000  2.41214e+02 |435 -0.00000  2.34840e+02
436 -0.00000  2.27007e+02 |437 -0.00000  2.17797e+02 |438 -0.00000  2.11730e+02
439 -0.00000  2.06561e+02 |440 -0.00000  2.05210e+02 |441 -0.00000  1.98819e+02
442 -0.00000  1.88720e+02 |443 -0.00000  1.76261e+02 |444 -0.00000  1.55784e+02
445 -0.00000  1.31787e+02 |446 -0.00000  1.05096e+02 |447 -0.00000  7.76122e+01
448 -0.00000  5.03191e+01 |449 -0.00000  2.45114e+01 |450 -0.00000  6.11490e+00
451  0.00000 -1.08151e+01 |452  0.00000 -2.35191e+01 |453  0.00000 -3.30459e+01
454  0.00000 -2.55546e+01 |455  0.00000 -9.60115e+00 |456  0.00000 -1.76990e+00
457 -0.00000  1.90520e+00 |458  0.00000  0.00000e+00 |459  0.00000  0.00000e+00
460  0.00000  0.00000e+00 |461  0.00000  0.00000e+00 |462  0.00000  0.00000e+00
463  0.00000  0.00000e+00 |464  0.00000  0.00000e+00 |465  0.00000  0.00000e+00
466  0.00000  0.00000e+00 |467  0.00000  0.00000e+00 |468  0.00000  0.00000e+00
469  0.00000  0.00000e+00 |470  0.00000  0.00000e+00 |471  0.00000  0.00000e+00
472  0.00000  0.00000e+00 |473  0.00000  0.00000e+00 |474  0.00000  0.00000e+00
475  0.00000  0.00000e+00 |476  0.00000  0.00000e+00 |477  0.00000  0.00000e+00
478  0.00000  0.00000e+00 |479  0.00000  0.00000e+00 |480  0.00000  0.00000e+00
481  0.00000  0.00000e+00 |482  0.00000  0.00000e+00 |483  0.00000  0.00000e+00
484  0.00000  0.00000e+00 |485  0.00000  0.00000e+00 |486  0.00000  0.00000e+00
487  0.00000  0.00000e+00 |488  0.00000  0.00000e+00 |489  0.00000  0.00000e+00
490  0.00000  0.00000e+00 |491  0.00000  0.00000e+00 |492  0.00000  0.00000e+00
493  0.00000  0.00000e+00 |494  0.00000  0.00000e+00 |495  0.00000  0.00000e+00
496  0.00000  0.00000e+00 |497  0.00000  0.00000e+00 |498  0.00000  0.00000e+00
499  0.00000  0.00000e+00 |500  0.00000  0.00000e+00 |501  0.00000  0.00000e+00
502  0.00000  0.00000e+00 |503  0.00000  0.00000e+00 |504  0.00000  0.00000e+00
505  0.00000  0.00000e+00 |506  0.00000  0.00000e+00 |507  0.00000  0.00000e+00
508  0.00000  0.00000e+00 |509  0.00000  0.00000e+00 |510  0.00000  0.00000e+00
511  0.00000  0.00000e+00 |512  0.00000  0.00000e+00 |513  0.00000  0.00000e+00
514  0.00000  0.00000e+00 |515  0.00000  0.00000e+00 |516  0.00000  0.00000e+00
517  0.00000  0.00000e+00 |518  0.00000  0.00000e+00 |519  0.00000  0.00000e+00
520  0.00000  0.00000e+00 |521  0.00000  0.00000e+00 |522  0.00000  0.00000e+00
523  0.00000  0.00000e+00 |524  0.00000  0.00000e+00 |525  0.00000  0.00000e+00
526  0.00000  0.00000e+00 |527  0.00000  0.00000e+00 |528  0.00000  0.00000e+00
529  0.00000  0.00000e+00 |530  0.00000  0.00000e+00 |531  0.00000  0.00000e+00
532  0.00000  0.00000e+00 |533  0.00000  0.00000e+00 |534  0.00000  0.00000e+00
535  0.00000  0.00000e+00 |536  0.00000  0.00000e+00 |537  0.00000  0.00000e+00
538  0.00000  0.00000e+00 |539  0.00000 -3.39359e-22 |540  0.00000 -4.23913e-22
541  0.00000 -5.11557e-22 |542  0.00000 -7.08393e-22 |543  0.00000 -1.01323e-21
544  0.00000 -1.31457e-21 |545  0.00000 -1.68972e-21 |546  0.00000 -1.84237e-21
547  0.00000 -2.15423e-21 |548  0.00000 -2.82112e-21 |549  0.00000 -2.60267e-13
550  0.00000 -4.40581e-06 |551  0.00000 -1.20781e-01 |552  0.00000 -2.51176e+01
553  0.00000 -1.21630e+02 |554  0.00000 -9.83892e+02 |555  0.00000 -2.66427e+03
556  0.00000 -4.63554e+03 |557  0.00000 -5.23454e+03 |558  0.00000 -6.38983e+03
559  0.00000 -7.56266e+03 |560  0.00000 -6.36687e+03 |561  0.00000 -7.46254e+03
562  0.00000 -7.17246e+03 |563  0.00000 -5.03412e+03 |564  0.00000 -7.64865e+03
565  0.00000 -8.15883e+03 |566  0.00000 -7.31080e+03 |567  0.00000 -5.38143e+03
568  0.00000 -5.93511e+03 |569  0.00000 -5.33118e+03 |570  0.00000 -4.03367e+03
571  0.00000 -4.19945e+03 |572  0.00000 -3.34152e+03 |573  0.00000 -2.81241e+03
574  0.00000 -2.21850e+03 |575  0.00000 -1.71713e+03 |576  0.00000 -1.26202e+03
577  0.00000 -6.70919e+02 |578  0.00000 -2.78205e+02 |579  0.00000 -8.41381e+01
580  0.00000  0.00000e+00 |581  0.00000  0.00000e+00 |582  0.00000  0.00000e+00
583  0.00000  0.00000e+00 |584  0.00000  0.00000e+00 |585  0.00000  0.00000e+00
586  0.00000  0.00000e+00 |587  0.00000  0.00000e+00 |588  0.00000  0.00000e+00
589  0.00000  0.00000e+00 |590  0.00000  0.00000e+00 |591  0.00000  0.00000e+00
592  0.00000  0.00000e+00 |593  0.00000  0.00000e+00 |594  0.00000  0.00000e+00
595  0.00000  0.00000e+00 |596  0.00000  0.00000e+00 |597  0.00000  0.00000e+00
598  0.00000  0.00000e+00 |599  0.00000  0.00000e+00 |600  0.00000  0.00000e+00
601  0.00000  0.00000e+00 |602  0.00000  0.00000e+00 |603  0.00000  0.00000e+00
604  0.00000  0.00000e+00 |605  0.00000  0.00000e+00 |606  0.00000  0.00000e+00
607  0.00000  0.00000e+00 |608  0.00000  0.00000e+00 |609  0.00000  0.00000e+00
610  0.00000  0.00000e+00 |611  0.00000  0.00000e+00 |612  0.00000  0.00000e+00
613  0.00000  0.00000e+00 |614  0.00000  0.00000e+00 |615  0.00000  0.00000e+00
616  0.00000  0.00000e+00 |617  0.00000  0.00000e+00 |618  0.00000  0.00000e+00
619  0.00000  0.00000e+00 |620  0.00000  0.00000e+00 |621  0.00000  0.00000e+00
622  0.00000  0.00000e+00 |623  0.00000  0.00000e+00 |624  0.00000  0.00000e+00
625  0.00000  0.00000e+00 |626  0.00000  0.00000e+00 |627  0.00000  0.00000e+00
628  0.00000  0.00000e+00 |629  0.00000  0.00000e+00 |630  0.00000  0.00000e+00
631  0.00000  0.00000e+00 |632  0.00000  0.00000e+00 |633  0.00000  0.00000e+00
634  0.00000  0.00000e+00 |635  0.00000  0.00000e+00 |636  0.00000  0.00000e+00
637  0.00000  0.00000e+00 |638  0.00000  0.00000e+00 |639  0.00000  0.00000e+00
640  0.00000  0.00000e+00 |641  0.00000  0.00000e+00 |642  0.00000  0.00000e+00
643  0.00000  0.00000e+00 |644  0.00000  0.00000e+00 |645  0.00000  0.00000e+00
646  0.00000  0.00000e+00 |647  0.00000  0.00000e+00 |648  0.00000  0.00000e+00
649  0.00000  0.00000e+00 |650  0.00000  0.00000e+00 |651  0.00000  0.00000e+00
652  0.00000  0.00000e+00 |653  0.00000  0.00000e+00 |654  0.00000  0.00000e+00
655  0.00000  0.00000e+00 |656  0.00000  0.00000e+00 |657  0.00000  0.00000e+00
658  0.00000  0.00000e+00 |659  0.00000  0.00000e+00 |660  0.00000  0.00000e+00
661  0.00000 -1.83979e-22 |662  0.00000 -2.44433e-22 |663  0.00000 -3.82040e-22
664  0.00000 -5.95069e-22 |665  0.00000 -1.03184e-21 |666  0.00000 -1.98156e-21
667  0.00000 -3.64989e-21 |668  0.00000 -6.99194e-21 |669  0.00000 -1.37573e-20
670  0.00000 -2.60125e-20 |671  0.00000 -6.55618e-18 |672  0.00000 -1.58407e-11
673  0.00000 -1.13297e-06 |674  0.00000 -4.61805e-03 |675  0.00000 -1.03638e+00
676  0.00000 -5.38217e+01 |677  0.00000 -7.42699e+01 |678  0.00000 -8.11599e+01
679  0.00000 -1.48195e+02 |680  0.00000 -3.18899e+02 |681  0.00000 -5.88609e+02
682  0.00000 -7.54346e+02 |683  0.00000 -1.07015e+03 |684  0.00000 -1.11411e+03
685  0.00000 -8.94291e+02 |686  0.00000 -1.26340e+03 |687  0.00000 -1.28180e+03
688  0.00000 -1.17671e+03 |689  0.00000 -1.03857e+03 |690  0.00000 -1.10490e+03
691  0.00000 -1.01215e+03 |692  0.00000 -8.51778e+02 |693  0.00000 -9.55348e+02
694  0.00000 -8.59056e+02 |695  0.00000 -7.28457e+02 |696  0.00000 -6.46905e+02
697  0.00000 -5.49799e+02 |698  0.00000 -4.26876e+02 |699  0.00000 -2.67796e+02
700  0.00000 -1.64641e+02 |701  0.00000 -1.05179e+02 |702  0.00000  0.00000e+00
703  0.00000  0.00000e+00 |704  0.00000  0.00000e+00 |705  0.00000  0.00000e+00
706  0.00000  0.00000e+00 |707  0.00000  0.00000e+00 |708  0.00000  0.00000e+00
709  0.00000  0.00000e+00 |710  0.00000  0.00000e+00 |711  0.00000  0.00000e+00
712  0.00000  0.00000e+00 |713  0.00000  0.00000e+00 |714  0.00000  0.00000e+00
715  0.00000  0.00000e+00 |716  0.00000  0.00000e+00 |717  0.00000  0.00000e+00
718  0.00000  0.00000e+00 |719  0.00000  0.00000e+00 |720  0.00000  0.00000e+00
721  0.00000  0.00000e+00 |722  0.00000  0.00000e+00 |723  0.00000  0.00000e+00
724  0.00000  0.00000e+00 |725  0.00000  0.00000e+00 |726  0.00000  0.00000e+00
727  0.00000  0.00000e+00 |728  0.00000  0.00000e+00 |729  0.00000  0.00000e+00
730  0.00000  0.00000e+00 |731  0.00000  0.00000e+00 |732  0.00000  0.00000e+00
733  0.00000  0.00000e+00 |734  0.00000  0.00000e+00 |735  0.00000  0.00000e+00
736  0.00000  0.00000e+00 |737  0.00000  0.00000e+00 |738  0.00000  0.00000e+00
739  0.00000  0.00000e+00 |740  0.00000  0.00000e+00 |741  0.00000  0.00000e+00
742  0.00000  0.00000e+00 |743  0.00000  0.00000e+00 |744  0.00000  0.00000e+00
745  0.00000  0.00000e+00 |746  0.00000  0.00000e+00 |747  0.00000  0.00000e+00
748  0.00000  0.00000e+00 |749  0.00000  0.00000e+00 |750  0.00000  0.00000e+00
751  0.00000  0.00000e+00 |752  0.00000  0.00000e+00 |753  0.00000  0.00000e+00
754  0.00000  0.00000e+00 |755  0.00000  0.00000e+00 |756  0.00000  0.00000e+00
757  0.00000  0.00000e+00 |758  0.00000  0.00000e+00 |759  0.00000  0.00000e+00
760  0.00000  0.00000e+00 |761  0.00000  0.00000e+00 |762  0.00000  0.00000e+00
763  0.00000  0.00000e+00 |764  0.00000  0.00000e+00 |765  0.00000  0.00000e+00
766  0.00000  0.00000e+00 |767  0.00000  0.00000e+00 |768  0.00000  0.00000e+00
769  0.00000  0.00000e+00 |770  0.00000  0.00000e+00 |771  0.00000  0.00000e+00
772  0.00000  0.00000e+00 |773  0.00000  0.00000e+00 |774  0.00000  0.00000e+00
775  0.00000  0.00000e+00 |776  0.00000  0.00000e+00 |777  0.00000  0.00000e+00
778  0.00000  0.00000e+00 |779  0.00000  0.00000e+00 |780  0.00000  0.00000e+00
781  0.00000  0.00000e+00 |782  0.00000  0.00000e+00 |783  0.00000 -3.18581e-22
784  0.00000 -3.64440e-22 |785  0.00000 -4.04198e-22 |786  0.00000 -4.40251e-22
787  0.00000 -4.69686e-22 |788  0.00000 -1.46794e-18 |789  0.00000 -1.78084e-11
790  0.00000 -2.09085e-06 |791  0.00000 -6.52808e-03 |792  0.00000 -1.49873e+00
793  0.00000 -5.31778e+01 |794  0.00000 -4.58950e+02 |795  0.00000 -1.82953e+03
796  0.00000 -3.87617e+03 |797  0.00000 -5.35366e+03 |798  0.00000 -5.76818e+03
799  0.00000 -5.12777e+03 |800  0.00000 -4.60550e+03 |801  0.00000 -4.27510e+03
802  0.00000 -4.15987e+03 |803  0.00000 -4.19252e+03 |804  0.00000 -3.91087e+03
805  0.00000 -3.98029e+03 |806  0.00000 -3.87299e+03 |807  0.00000 -3.57980e+03
808  0.00000 -3.73292e+03 |809  0.00000 -3.65212e+03 |810  0.00000 -3.46906e+03
811  0.00000 -3.22758e+03 |812  0.00000 -3.17971e+03 |813  0.00000 -2.95546e+03
814  0.00000 -2.67767e+03 |815  0.00000 -2.56337e+03 |816  0.00000 -2.33756e+03
817  0.00000 -2.08953e+03 |818  0.00000 -1.82188e+03 |819  0.00000 -1.53588e+03
820  0.00000 -1.24261e+03 |821  0.00000 -9.25563e+02 |822  0.00000 -5.56527e+02
823  0.00000 -2.63770e+02 |824  0.00000  0.00000e+00 |825  0.00000  0.00000e+00
826  0.00000  0.00000e+00 |827  0.00000  0.00000e+00 |828  0.00000  0.00000e+00
829  0.00000  0.00000e+00 |830  0.00000  0.00000e+00 |831  0.00000  0.00000e+00
832  0.00000  0.00000e+00 |833  0.00000  0.00000e+00 |834  0.00000  0.00000e+00
835  0.00000  0.00000e+00 |836  0.00000  0.00000e+00 |837  0.00000  0.00000e+00
838  0.00000  0.00000e+00 |839  0.00000  0.00000e+00 |840  0.00000  0.00000e+00
841  0.00000  0.00000e+00 |842  0.00000  0.00000e+00 |843  0.00000  0.00000e+00
844  0.00000  0.00000e+00 |845  0.00000  0.00000e+00 |846  0.00000  0.00000e+00
847  0.00000  0.00000e+00 |848  0.00000  0.00000e+00 |849  0.00000  0.00000e+00
850  0.00000  0.00000e+00 |851  0.00000  0.00000e+00 |852  0.00000  0.00000e+00
853  0.00000  0.00000e+00 |854  0.00000  0.00000e+00 |855  0.00000  0.00000e+00
856  0.00000  0.00000e+00 |857  0.00000  0.00000e+00 |858  0.00000  0.00000e+00
859  0.00000  0.00000e+00 |860  0.00000  0.00000e+00 |861  0.00000  0.00000e+00
862  0.00000  0.00000e+00 |863  0.00000  0.00000e+00 |864  0.00000  0.00000e+00
865  0.00000  0.00000e+00 |866  0.00000  0.00000e+00 |867  0.00000  0.00000e+00
868  0.00000  0.00000e+00 |869  0.00000  0.00000e+00 |870  0.00000  0.00000e+00
871  0.00000  0.00000e+00 |872  0.00000  0.00000e+00 |873  0.00000  0.00000e+00
874  0.00000  0.00000e+00 |875  0.00000  0.00000e+00 |876  0.00000  0.00000e+00
877  0.00000  0.00000e+00 |878  0.00000  0.00000e+00 |879  0.00000  0.00000e+00
880  0.00000  0.00000e+00 |881  0.00000  0.00000e+00 |882  0.00000  0.00000e+00
883  0.00000  0.00000e+00 |884  0.00000  0.00000e+00 |885  0.00000  0.00000e+00
886  0.00000  0.00000e+00 |887  0.00000  0.00000e+00 |888  0.00000  0.00000e+00
889  0.00000  0.00000e+00 |890  0.00000  0.00000e+00 |891  0.00000  0.00000e+00
892  0.00000  0.00000e+00 |893  0.00000  0.00000e+00 |894  0.00000  0.00000e+00
895  0.00000  0.00000e+00 |896  0.00000  0.00000e+00 |897  0.00000  0.00000e+00
898  0.00000  0.00000e+00 |899  0.00000  0.00000e+00 |900  0.00000  0.00000e+00
901  0.00000  0.00000e+00 |902  0.00000  0.00000e+00 |903  0.00000  0.00000e+00
904  0.00000  0.00000e+00 |905  0.00000 -5.55761e-22 |906  0.00000 -7.53024e-22
907  0.00000 -1.02639e-21 |908  0.00000 -1.41221e-21 |909  0.00000 -1.94806e-21
910  0.00000 -2.67780e-21 |911  0.00000 -3.63186e-21 |912  0.00000 -4.78817e-21
913  0.00000 -6.21305e-21 |914  0.00000 -8.17551e-21 |915  0.00000 -1.05004e-20
916  0.00000 -6.34475e-19 |917  0.00000 -2.00689e-12 |918  0.00000 -1.27360e-07
919  0.00000 -4.53903e-04 |920  0.00000 -1.81719e-01 |921  0.00000 -8.00865e+00
922  0.00000 -5.22376e+01 |923  0.00000 -8.14858e+01 |924  0.00000 -1.50324e+02
925  0.00000 -2.82418e+02 |926  0.00000 -3.91541e+02 |927  0.00000 -6.18830e+02
928  0.00000 -6.61029e+02 |929  0.00000 -5.10200e+02 |930  0.00000 -7.52105e+02
931  0.00000 -7.47585e+02 |932  0.00000 -6.72791e+02 |933  0.00000 -6.03842e+02
934  0.00000 -6.46607e+02 |935  0.00000 -6.00972e+02 |936  0.00000 -5.26043e+02
937  0.00000 -6.79401e+02 |938  0.00000 -5.74659e+02 |939  0.00000 -6.19589e+02
940  0.00000 -5.22249e+02 |941  0.00000 -4.47160e+02 |942  0.00000 -3.53353e+02
943  0.00000 -2.01702e+02 |944  0.00000 -7.46032e+01 |945  0.00000 -2.05580e+01
946  0.00000  0.00000e+00 |947  0.00000  0.00000e+00 |948  0.00000  0.00000e+00
949  0.00000  0.00000e+00 |950  0.00000  0.00000e+00 |951  0.00000  0.00000e+00
952  0.00000  0.00000e+00 |953  0.00000  0.00000e+00 |954  0.00000  0.00000e+00
955  0.00000  0.00000e+00 |956  0.00000  0.00000e+00 |957  0.00000  0.00000e+00
958  0.00000  0.00000e+00 |959  0.00000  0.00000e+00 |960  0.00000  0.00000e+00
961  0.00000  0.00000e+00 |962  0.00000  0.00000e+00 |963  0.00000  0.00000e+00
964  0.00000  0.00000e+00 |965  0.00000  0.00000e+00 |966  0.00000  0.00000e+00
967  0.00000  0.00000e+00 |968  0.00000  0.00000e+00 |969  0.00000  0.00000e+00
970  0.00000  0.00000e+00 |971  0.00000  0.00000e+00 |972  0.00000  0.00000e+00
973  0.00000  0.00000e+00 |974  0.00000  0.00000e+00 |975  0.00000  0.00000e+00
976  0.00000  0.00000e+00 |977  0.00000  0.00000e+00 |978  0.00000  0.00000e+00
979  0.00000  0.00000e+00 |980  0.00000  0.00000e+00 |981  0.00000  0.00000e+00
982  0.00000  0.00000e+00 |983  0.00000  0.00000e+00 |984  0.00000  0.00000e+00
985  0.00000  0.00000e+00 |986  0.00000  0.00000e+00 |987  0.00000  0.00000e+00
988  0.00000  0.00000e+00 |989  0.00000  0.00000e+00 |990  0.00000  0.00000e+00
991  0.00000  0.00000e+00 |992  0.00000  0.00000e+00 |993  0.00000  0.00000e+00
994  0.00000  0.00000e+00 |995  0.00000  0.00000e+00 |996  0.00000  0.00000e+00
997  0.00000  0.00000e+00 |998  0.00000  0.00000e+00 |999  0.00000  0.00000e+00
1000  0.00000  0.00000e+00 |1001  0.00000  0.00000e+00 |1002  0.00000  0.00000e+00
1003  0.00000  0.00000e+00 |1004  0.00000  0.00000e+00 |1005  0.00000  0.00000e+00
1006  0.00000  0.00000e+00 |1007  0.00000  0.00000e+00 |1008  0.00000  0.00000e+00
1009  0.00000  0.00000e+00 |1010  0.00000  0.00000e+00 |1011  0.00000  0.00000e+00
1012  0.00000  0.00000e+00 |1013  0.00000  0.00000e+00 |1014  0.00000  0.00000e+00
1015  0.00000  0.00000e+00 |1016  0.00000  0.00000e+00 |1017  0.00000  0.00000e+00
1018  0.00000  0.00000e+00 |1019  0.00000  0.00000e+00 |1020  0.00000  0.00000e+00
1021  0.00000  0.00000e+00 |1022  0.00000  0.00000e+00 |1023  0.00000  0.00000e+00
1024  0.00000  0.00000e+00 |1025  0.00000  0.00000e+00 |1026  0.00000  0.00000e+00
1027  0.00000 -6.29649e+02 |1028  0.00000 -6.57789e+02 |1029  0.00000 -6.66758e+02
1030  0.00000 -6.51477e+02 |1031  0.00000 -6.21052e+02 |1032  0.00000 -6.20974e+02
1033  0.00000 -6.12787e+02 |1034  0.00000 -6.03639e+02 |1035  0.00000 -5.97564e+02
1036  0.00000 -5.84588e+02 |1037  0.00000 -5.55579e+02 |1038  0.00000 -5.43734e+02
1039  0.00000 -5.09422e+02 |1040  0.00000 -4.57124e+02 |1041  0.00000 -4.19919e+02
1042  0.00000 -4.44095e+02 |1043  0.00000 -4.54959e+02 |1044  0.00000 -5.47517e+02
1045  0.00000 -5.81937e+02 |1046  0.00000 -6.12581e+02 |1047  0.00000 -6.25361e+02
1048  0.00000 -6.55526e+02 |1049  0.00000 -6.71311e+02 |1050  0.00000 -6.73838e+02
1051  0.00000 -6.91567e+02 |1052  0.00000 -6.98745e+02 |1053  0.00000 -7.24524e+02
1054  0.00000 -7.26289e+02 |1055  0.00000 -6.95333e+02 |1056  0.00000 -6.69437e+02
1057  0.00000 -6.48719e+02 |1058  0.00000 -6.38801e+02 |1059  0.00000 -6.55140e+02
1060  0.00000 -6.74651e+02 |1061  0.00000 -6.65672e+02 |1062  0.00000 -5.87956e+02
1063  0.00000 -4.54934e+02 |1064  0.00000 -3.11928e+02 |1065  0.00000 -1.69338e+02
1066  0.00000 -6.41510e+01 |1067  0.00000 -2.27704e+00 |1068  0.00000  0.00000e+00
1069  0.00000  0.00000e+00 |1070  0.00000  0.00000e+00 |1071  0.00000  0.00000e+00
1072  0.00000  0.00000e+00 |1073  0.00000  0.00000e+00 |1074  0.00000  0.00000e+00
1075  0.00000  0.00000e+00 |1076  0.00000  0.00000e+00 |1077  0.00000  0.00000e+00
1078  0.00000  0.00000e+00 |1079  0.00000  0.00000e+00 |1080  0.00000  0.00000e+00
1081  0.00000  0.00000e+00 |1082  0.00000  0.00000e+00 |1083  0.00000  0.00000e+00
1084  0.00000  0.00000e+00 |1085  0.00000  0.00000e+00 |1086  0.00000  0.00000e+00
1087  0.00000  0.00000e+00 |1088  0.00000  0.00000e+00 |1089  0.00000  0.00000e+00
1090  0.00000  0.00000e+00 |1091  0.00000  0.00000e+00 |1092  0.00000  0.00000e+00
1093  0.00000  0.00000e+00 |1094  0.00000  0.00000e+00 |1095  0.00000  0.00000e+00
1096  0.00000  0.00000e+00 |1097  0.00000  0.00000e+00 |1098  0.00000  0.00000e+00
1099  0.00000  0.00000e+00 |1100  0.00000  0.00000e+00 |1101  0.00000  0.00000e+00
1102  0.00000  0.00000e+00 |1103  0.00000  0.00000e+00 |1104  0.00000  0.00000e+00
1105  0.00000  0.00000e+00 |1106  0.00000  0.00000e+00 |1107  0.00000  0.00000e+00
1108  0.00000  0.00000e+00 |1109  0.00000  0.00000e+00 |1110  0.00000  0.00000e+00
1111  0.00000  0.00000e+00 |1112  0.00000  0.00000e+00 |1113  0.00000  0.00000e+00
1114  0.00000  0.00000e+00 |1115  0.00000  0.00000e+00 |1116  0.00000  0.00000e+00
1117  0.00000  0.00000e+00 |1118  0.00000  0.00000e+00 |1119  0.00000  0.00000e+00
1120  0.00000  0.00000e+00 |1121  0.00000  0.00000e+00 |1122  0.00000  0.00000e+00
1123  0.00000  0.00000e+00 |1124  0.00000  0.00000e+00 |1125  0.00000  0.00000e+00
1126  0.00000  0.00000e+00 |1127  0.00000  0.00000e+00 |1128  0.00000  0.00000e+00
1129  0.00000  0.00000e+00 |1130  0.00000  0.00000e+00 |1131  0.00000  0.00000e+00
1132  0.00000  0.00000e+00 |1133  0.00000  0.00000e+00 |1134  0.00000  0.00000e+00
1135  0.00000  0.00000e+00 |1136  0.00000  0.00000e+00 |1137  0.00000  0.00000e+00
1138  0.00000  0.00000e+00 |1139  0.00000  0.00000e+00 |1140  0.00000  0.00000e+00
1141  0.00000  0.00000e+00 |1142  0.00000  0.00000e+00 |1143  0.00000  0.00000e+00
1144  0.00000  0.00000e+00 |1145  0.00000  0.00000e+00 |1146  0.00000  0.00000e+00
1147  0.00000  0.00000e+00 |1148  0.00000  0.00000e+00 |1149  0.00000 -5.27117e-22
1150  0.00000 -9.32536e-22 |1151  0.00000 -1.64893e-21 |1152  0.00000 -2.83601e-21
1153  0.00000 -4.83655e-21 |1154  0.00000 -8.26540e-21 |1155  0.00000 -1.39677e-20
1156  0.00000 -2.36301e-20 |1157  0.00000 -4.04415e-20 |1158  0.00000 -6.76011e-20
1159  0.00000 -1.08211e-19 |1160  0.00000 -1.70865e-19 |1161  0.00000 -2.67380e-19
1162  0.00000 -4.05744e-19 |1163  0.00000 -1.71420e-15 |1164  0.00000 -2.74462e-09
1165  0.00000 -6.43464e-05 |1166  0.00000 -9.15020e-02 |1167  0.00000 -1.01314e+01
1168  0.00000 -7.72609e+01 |1169  0.00000 -1.24299e+02 |1170  0.00000 -1.32566e+02
1171  0.00000 -2.24461e+02 |1172  0.00000 -3.82243e+02 |1173  0.00000 -4.76720e+02
1174  0.00000 -8.11985e+02 |1175  0.00000 -9.02078e+02 |1176  0.00000 -8.34490e+02
1177  0.00000 -7.00238e+02 |1178  0.00000 -6.73081e+02 |1179  0.00000 -5.77572e+02
1180  0.00000 -4.80904e+02 |1181  0.00000 -5.39842e+02 |1182  0.00000 -4.62607e+02
1183  0.00000 -4.53796e+02 |1184  0.00000 -3.63549e+02 |1185  0.00000 -2.81711e+02
1186  0.00000 -1.98750e+02 |1187  0.00000 -1.02229e+02 |1188  0.00000 -3.88110e+01
1189  0.00000 -1.59035e+01 |1190  0.00000  0.00000e+00 |1191  0.00000  0.00000e+00
1192  0.00000  0.00000e+00 |1193  0.00000  0.00000e+00 |1194  0.00000  0.00000e+00
1195  0.00000  0.00000e+00 |1196  0.00000  0.00000e+00 |1197  0.00000  0.00000e+00
1198  0.00000  0.00000e+00 |1199  0.00000  0.00000e+00 |1200  0.00000  0.00000e+00
1201  0.00000  0.00000e+00 |1202  0.00000  0.00000e+00 |1203  0.00000  0.00000e+00
1204  0.00000  0.00000e+00 |1205  0.00000  0.00000e+00 |1206  0.00000  0.00000e+00
1207  0.00000  0.00000e+00 |1208  0.00000  0.00000e+00 |1209  0.00000  0.00000e+00
1210  0.00000  0.00000e+00 |1211  0.00000  0.00000e+00 |1212  0.00000  0.00000e+00
1213  0.00000  0.00000e+00 |1214  0.00000  0.00000e+00 |1215  0.00000  0.00000e+00
1216  0.00000  0.00000e+00 |1217  0.00000  0.00000e+00 |1218  0.00000  0.00000e+00
1219  0.00000  0.00000e+00 |1220  0.00000  0.00000e+00 |1221  0.00000  0.00000e+00
1222  0.00000  0.00000e+00 |1223  0.00000  0.00000e+00 |1224  0.00000  0.00000e+00
1225  0.00000  0.00000e+00 |1226  0.00000  0.00000e+00 |1227  0.00000  0.00000e+00
1228  0.00000  0.00000e+00 |1229  0.00000  0.00000e+00 |1230  0.00000  0.00000e+00
1231  0.00000  0.00000e+00 |1232  0.00000  0.00000e+00 |1233  0.00000  0.00000e+00
1234  0.00000  0.00000e+00 |1235  0.00000  0.00000e+00 |1236  0.00000  0.00000e+00
1237  0.00000  0.00000e+00 |1238  0.00000  0.00000e+00 |1239  0.00000  0.00000e+00
1240  0.00000  0.00000e+00 |1241  0.00000  0.00000e+00 |1242  0.00000  0.00000e+00
1243  0.00000  0.00000e+00 |1244  0.00000  0.00000e+00 |1245  0.00000  0.00000e+00
1246  0.00000  0.00000e+00 |1247  0.00000  0.00000e+00 |1248  0.00000  0.00000e+00
1249  0.00000  0.00000e+00 |1250  0.00000  0.00000e+00 |1251  0.00000  0.00000e+00
1252  0.00000  0.00000e+00 |1253  0.00000  0.00000e+00 |1254  0.00000  0.00000e+00
1255  0.00000  0.00000e+00 |1256  0.00000  0.00000e+00 |1257  0.00000  0.00000e+00
1258  0.00000  0.00000e+00 |1259  0.00000  0.00000e+00 |1260  0.00000  0.00000e+00
1261  0.00000  0.00000e+00 |1262  0.00000  0.00000e+00 |1263  0.00000  0.00000e+00
1264  0.00000  0.00000e+00 |1265  0.00000  0.00000e+00 |1266  0.00000  0.00000e+00
1267  0.00000  0.00000e+00 |1268  0.00000  0.00000e+00 |1269  0.00000  0.00000e+00
1270  0.00000  0.00000e+00 |1271 -1.60944  4.80901e+05 |1272 -1.60944  2.66397e+05
1273 -1.60944  2.64154e+05 |1274 -0.00000  2.32753e+04 |1275 -0.00000  2.40796e+04
1276 -0.00000  2.36655e+04 |1277 -0.00000  2.32725e+04 |1278 -0.00000  2.21427e+04
1279 -0.00000  2.12292e+04 |1280 -0.00000  2.04182e+04 |1281 -0.00000  1.88924e+04
1282 -0.00000  1.74598e+04 |1283 -0.00000  1.61264e+04 |1284 -0.00000  1.48895e+04
1285 -0.00000  1.46601e+04 |1286 -0.00000  1.36045e+04 |1287 -0.00000  1.36754e+04
1288 -0.00000  1.37223e+04 |1289 -0.00000  1.34479e+04 |1290 -0.00000  1.29109e+04
1291 -0.00000  1.40489e+04 |1292 -0.00000  1.36438e+04 |1293 -0.00000  1.33742e+04
1294 -0.00000  1.27121e+04 |1295 -0.00000  1.22774e+04 |1296 -0.00000  1.19491e+04
1297 -0.00000  1.10371e+04 |1298 -0.00000  1.07772e+04 |1299 -0.00000  1.01801e+04
1300 -0.00000  9.61922e+03 |1301 -0.00000  9.40498e+03 |1302 -0.00000  9.41420e+03
1303 -0.00000  8.64272e+03 |1304 -0.00000  7.81393e+03 |1305 -0.00000  7.09358e+03
1306 -0.00000  6.41042e+03 |1307 -0.00000  5.25925e+03 |1308 -0.00000  4.56524e+03
1309 -0.00000  3.85823e+03 |1310 -0.00000  2.25664e+03 |1311 -0.00000  8.26626e+02
1312  0.00000 -2.92307e+02 |1313  0.00000 -2.04291e+03 |1314  0.00000 -3.87646e+03
1315  0.00000 -5.52430e+03 |1316  0.00000  0.00000e+00 |1317  0.00000  0.00000e+00
1318  0.00000  0.00000e+00 |1319  0.00000  0.00000e+00 |1320  0.00000  0.00000e+00
1321  0.00000  0.00000e+00 |1322  0.00000  0.00000e+00 |1323  0.00000  0.00000e+00
1324  0.00000  0.00000e+00 |1325  0.00000  0.00000e+00 |1326  0.00000  0.00000e+00
1327  0.00000  0.00000e+00 |1328  0.00000  0.00000e+00 |1329  0.00000  0.00000e+00
1330  0.00000  0.00000e+00 |1331  0.00000  0.00000e+00 |1332  0.00000  0.00000e+00
1333  0.00000  0.00000e+00 |1334  0.00000  0.00000e+00 |1335  0.00000  0.00000e+00
1336  0.00000  0.00000e+00 |1337  0.00000  0.00000e+00 |1338  0.00000  0.00000e+00
1339  0.00000  0.00000e+00 |1340  0.00000  0.00000e+00 |1341  0.00000  0.00000e+00
1342  0.00000  0.00000e+00 |1343  0.00000  0.00000e+00 |1344  0.00000  0.00000e+00
1345  0.00000  0.00000e+00 |1346  0.00000  0.00000e+00 |1347  0.00000  0.00000e+00
1348  0.00000  0.00000e+00 |1349  0.00000  0.00000e+00 |1350  0.00000  0.00000e+00
1351  0.00000  0.00000e+00 |1352  0.00000  0.00000e+00 |1353  0.00000  0.00000e+00
1354  0.00000  0.00000e+00 |1355  0.00000  0.00000e+00 |1356  0.00000  0.00000e+00
1357  0.00000  0.00000e+00 |1358  0.00000  0.00000e+00 |1359  0.00000  0.00000e+00
1360  0.00000  0.00000e+00 |1361  0.00000  0.00000e+00 |1362  0.00000  0.00000e+00
1363  0.00000  0.00000e+00 |1364  0.00000  0.00000e+00 |1365  0.00000  0.00000e+00
1366  0.00000  0.00000e+00 |1367  0.00000  0.00000e+00 |1368  0.00000  0.00000e+00
1369  0.00000  0.00000e+00 |1370  0.00000  0.00000e+00 |1371  0.00000  0.00000e+00
1372  0.00000  0.00000e+00 |1373  0.00000  0.00000e+00 |1374  0.00000  0.00000e+00
1375  0.00000  0.00000e+00 |1376  0.00000  0.00000e+00 |1377  0.00000  0.00000e+00
1378  0.00000  0.00000e+00 |1379  0.00000  0.00000e+00 |1380  0.00000  0.00000e+00
1381  0.00000  0.00000e+00 |1382  0.00000  0.00000e+00 |1383  0.00000  0.00000e+00
1384  0.00000  0.00000e+00 |1385  0.00000  0.00000e+00 |1386  0.00000  0.00000e+00
1387  0.00000  0.00000e+00 |1388  0.00000  0.00000e+00 |1389  0.00000  0.00000e+00
1390  0.00000  0.00000e+00 |1391  0.00000  0.00000e+00 |1392  0.00000  0.00000e+00
1393  0.00000  0.00000e+00 |1394  0.00000  0.00000e+00 |1395  0.00000  0.00000e+00
1396  0.00000  0.00000e+00 |1397 -0.00000  1.28316e+04 |1398 -0.00000  1.27017e+04
1399 -0.00000  1.21262e+04 |1400 -0.00000  1.15729e+04 |1401 -0.00000  1.09418e+04
1402 -0.00000  1.03319e+04 |1403 -0.00000  9.68149e+03 |1404 -0.00000  8.92778e+03
1405 -0.00000  8.05501e+03 |1406 -0.00000  6.89647e+03 |1407 -0.00000  5.86712e+03
1408 -0.00000  5.03940e+03 |1409 -0.00000  4.65821e+03 |1410 -0.00000  4.77890e+03
1411 -0.00000  5.40808e+03 |1412 -0.00000  6.29122e+03 |1413 -0.00000  6.53792e+03
1414 -0.00000  7.17373e+03 |1415 -0.00000  7.45944e+03 |1416 -0.00000  7.81688e+03
1417 -0.00000  7.84004e+03 |1418 -0.00000  7.84827e+03 |1419 -0.00000  7.34465e+03
1420 -0.00000  7.14296e+03 |1421 -0.00000  6.89056e+03 |1422 -0.00000  7.09483e+03
1423 -0.00000  6.73807e+03 |1424 -0.00000  6.72175e+03 |1425 -0.00000  6.31697e+03
1426 -0.00000  6.23584e+03 |1427 -0.00000  6.27131e+03 |1428 -0.00000  5.71125e+03
1429 -0.00000  4.93070e+03 |1430 -0.00000  4.30868e+03 |1431 -0.00000  3.74334e+03
1432 -0.00000  3.91034e+03 |1433 -0.00000  2.49482e+03 |1434 -0.00000  1.64400e+03
1435 -0.00000  9.74827e+02 |1436 -0.00000  1.18751e+02 |1437  0.00000 -1.12444e+03
1438  0.00000 -1.85862e+03 |1439  0.00000  0.00000e+00 |1440  0.00000  0.00000e+00
1441  0.00000  0.00000e+00 |1442  0.00000  0.00000e+00 |1443  0.00000  0.00000e+00
1444  0.00000  0.00000e+00 |1445  0.00000  0.00000e+00 |1446  0.00000  0.00000e+00
1447  0.00000  0.00000e+00 |1448  0.00000  0.00000e+00 |1449  0.00000  0.00000e+00
1450  0.00000  0.00000e+00 |1451  0.00000  0.00000e+00 |1452  0.00000  0.00000e+00
1453  0.00000  0.00000e+00 |1454  0.00000  0.00000e+00 |1455  0.00000  0.00000e+00
1456  0.00000  0.00000e+00 |1457  0.00000  0.00000e+00 |1458  0.00000  0.00000e+00
1459  0.00000  0.00000e+00 |1460  0.00000  0.00000e+00 |1461  0.00000  0.00000e+00
1462  0.00000  0.00000e+00 |1463  0.00000  0.00000e+00 |1464  0.00000  0.00000e+00
1465  0.00000  0.00000e+00 |1466  0.00000  0.00000e+00 |1467  0.00000  0.00000e+00
1468  0.00000  0.00000e+00 |1469  0.00000  0.00000e+00 |1470  0.00000  0.00000e+00
1471  0.00000  0.00000e+00 |1472  0.00000  0.00000e+00 |1473  0.00000  0.00000e+00
1474  0.00000  0.00000e+00 |1475  0.00000  0.00000e+00 |1476  0.00000  0.00000e+00
1477  0.00000  0.00000e+00 |1478  0.00000  0.00000e+00 |1479  0.00000  0.00000e+00
1480  0.00000  0.00000e+00 |1481  0.00000  0.00000e+00 |1482  0.00000  0.00000e+00
1483  0.00000  0.00000e+00 |1484  0.00000  0.00000e+00 |1485  0.00000  0.00000e+00
1486  0.00000  0.00000e+00 |1487  0.00000  0.00000e+00 |1488  0.00000  0.00000e+00
1489  0.00000  0.00000e+00 |1490  0.00000  0.00000e+00 |1491  0.00000  0.00000e+00
1492  0.00000  0.00000e+00 |1493  0.00000  0.00000e+00 |1494  0.00000  0.00000e+00
1495  0.00000  0.00000e+00 |1496  0.00000  0.00000e+00 |1497  0.00000  0.00000e+00
1498  0.00000  0.00000e+00 |1499  0.00000  0.00000e+00 |1500  0.00000  0.00000e+00
1501  0.00000  0.00000e+00 |1502  0.00000  0.00000e+00 |1503  0.00000  0.00000e+00
1504  0.00000  0.00000e+00 |1505  0.00000  0.00000e+00 |1506  0.00000  0.00000e+00
1507  0.00000  0.00000e+00 |1508  0.00000  0.00000e+00 |1509  0.00000  0.00000e+00
1510  0.00000  0.00000e+00 |1511  0.00000  0.00000e+00 |1512  0.00000  0.00000e+00
1513  0.00000  0.00000e+00 |1514  0.00000  0.00000e+00 |1515  0.00000  0.00000e+00
1516  0.00000  0.00000e+00 |1517  0.00000  0.00000e+00 |1518  0.00000  0.00000e+00
1519  0.00000  0.00000e+00 |1520 -0.00000  8.58430e+03 |1521 -0.00000  9.41830e+03
1522 -0.00000  9.75288e+03 |1523 -0.00000  1.02126e+04 |1524 -0.00000  1.04277e+04
1525 -0.00000  1.03021e+04 |1526 -0.00000  1.03229e+04 |1527 -0.00000  9.50206e+03
1528 -0.00000  9.56209e+03 |1529 -0.00000  9.73679e+03 |1530 -0.00000  1.00729e+04
1531 -0.00000  1.05280e+04 |1532 -0.00000  1.07384e+04 |1533 -0.00000  1.01358e+04
1534 -0.00000  1.05908e+04 |1535 -0.00000  9.76610e+03 |1536 -0.00000  9.51952e+03
1537 -0.00000  9.80073e+03 |1538 -0.00000  8.71484e+03 |1539 -0.00000  8.51375e+03
1540 -0.00000  7.76930e+03 |1541 -0.00000  7.63983e+03 |1542 -0.00000  7.26072e+03
1543 -0.00000  6.61561e+03 |1544 -0.00000  5.91594e+03 |1545 -0.00000  5.48015e+03
1546 -0.00000  4.67150e+03 |1547 -0.00000  4.40026e+03 |1548 -0.00000  4.13262e+03
1549 -0.00000  3.77075e+03 |1550 -0.00000  3.29051e+03 |1551 -0.00000  2.93691e+03
1552 -0.00000  2.89146e+03 |1553 -0.00000  2.37227e+03 |1554 -0.00000  1.96964e+03
1555 -0.00000  9.43634e+02 |1556 -0.00000  4.06376e+02 |1557 -0.00000  3.04585e+01
1558  0.00000 -5.23263e+02 |1559  0.00000 -1.18535e+03 |1560  0.00000 -1.78509e+03
1561  0.00000 -1.05293e+03 |1562  0.00000  0.00000e+00 |1563  0.00000  0.00000e+00
1564  0.00000  0.00000e+00 |1565  0.00000  0.00000e+00 |1566  0.00000  0.00000e+00
1567  0.00000  0.00000e+00 |1568  0.00000  0.00000e+00 |1569  0.00000  0.00000e+00
1570  0.00000  0.00000e+00 |1571  0.00000  0.00000e+00 |1572  0.00000  0.00000e+00
1573  0.00000  0.00000e+00 |1574  0.00000  0.00000e+00 |1575  0.00000  0.00000e+00
1576  0.00000  0.00000e+00 |1577  0.00000  0.00000e+00 |1578  0.00000  0.00000e+00
1579  0.00000  0.00000e+00 |1580  0.00000  0.00000e+00 |1581  0.00000  0.00000e+00
1582  0.00000  0.00000e+00 |1583  0.00000  0.00000e+00 |1584  0.00000  0.00000e+00
1585  0.00000  0.00000e+00 |1586  0.00000  0.00000e+00 |1587  0.00000  0.00000e+00
1588  0.00000  0.00000e+00 |1589  0.00000  0.00000e+00 |1590  0.00000  0.00000e+00
1591  0.00000  0.00000e+00 |1592  0.00000  0.00000e+00 |1593  0.00000  0.00000e+00
1594  0.00000  0.00000e+00 |1595  0.00000  0.00000e+00 |1596  0.00000  0.00000e+00
1597  0.00000  0.00000e+00 |1598  0.00000  0.00000e+00 |1599  0.00000  0.00000e+00
1600  0.00000  0.00000e+00 |1601  0.00000  0.00000e+00 |1602  0.00000  0.00000e+00
1603  0.00000  0.00000e+00 |1604  0.00000  0.00000e+00 |1605  0.00000  0.00000e+00
1606  0.00000  0.00000e+00 |1607  0.00000  0.00000e+00 |1608  0.00000  0.00000e+00
1609  0.00000  0.00000e+00 |1610  0.00000  0.00000e+00 |1611  0.00000  0.00000e+00
1612  0.00000  0.00000e+00 |1613  0.00000  0.00000e+00 |1614  0.00000  0.00000e+00
1615  0.00000  0.00000e+00 |1616  0.00000  0.00000e+00 |1617  0.00000  0.00000e+00
1618  0.00000  0.00000e+00 |1619  0.00000  0.00000e+00 |1620  0.00000  0.00000e+00
1621  0.00000  0.00000e+00 |1622  0.00000  0.00000e+00 |1623  0.00000  0.00000e+00
1624  0.00000  0.00000e+00 |1625  0.00000  0.00000e+00 |1626  0.00000  0.00000e+00
1627  0.00000  0.00000e+00 |1628  0.00000  0.00000e+00 |1629  0.00000  0.00000e+00
1630  0.00000  0.00000e+00 |1631  0.00000  0.00000e+00 |1632  0.00000  0.00000e+00
1633  0.00000  0.00000e+00 |1634  0.00000  0.00000e+00 |1635  0.00000  0.00000e+00
1636  0.00000  0.00000e+00 |1637  0.00000  0.00000e+00 |1638  0.00000  0.00000e+00
1639  0.00000  0.00000e+00 |1640  0.00000  0.00000e+00 |1641  0.00000  0.00000e+00
1642  0.00000  0.00000e+00 |1643  1.00000  2.16579e-08 |1644  1.00000  2.16579e-08
1645  1.00000  2.16579e-08 |1646  1.00000  2.16579e-08 |1647  1.00000  2.16579e-08
1648  1.00000  2.16579e-08 |1649  1.00000  2.16579e-08 |1650  1.00000  2.16579e-08
1651  1.00000  2.16579e-08 |1652  1.00000  2.16579e-08 |1653  1.00000  2.16579e-08
1654  1.00000  2.16579e-08 |1655  1.00000  2.16579e-08 |1656  1.00000  2.16579e-08
1657  1.00000  2.16579e-08 |1658  1.00000  2.16579e-08 |1659  1.00000  2.16579e-08
1660  1.00000  2.16579e-08 |1661  1.00000  2.16579e-08 |1662  1.00000  2.16579e-08
1663  1.00000  2.16579e-08 |1664  1.00000  2.16579e-08 |1665  1.00000  2.16579e-08
1666  1.00000  2.16579e-08 |1667  1.00000  2.16579e-08 |1668  1.00000  2.16579e-08
1669  1.00000  2.16579e-08 |1670  1.00000  2.16579e-08 |1671  1.00000  2.16579e-08
1672  1.00000  2.16579e-08 |1673  1.00000  2.16579e-08 |1674  1.00000  2.16579e-08
1675  1.00000  2.16579e-08 |1676  1.00000  2.16579e-08 |1677  3.00000 -1.29644e+05
1678  3.00000 -9.64491e+04 |1679  3.00000 -4.18556e+04 |1680  2.00000 -2.32971e+03
1681  2.00000  1.10987e+03 |1682  2.00000 -5.29689e+03 |1683 -0.00000  1.89929e+05
1684  0.00000 -1.47258e+04 |1685 -0.00000  1.30975e+05 |1686 -0.00000  2.29857e+04
1687 -0.00000  9.33303e+04 |1688 -0.00000  1.52187e+04 |1689 -0.00000  6.00887e+03
1690 -0.00000  1.67315e+04 |1691 -0.00000  1.37538e+05 |1692 -0.00000  9.10974e+04
1693 -0.00000  1.47476e+04 |1694 -0.00000  2.02843e+05 |1695  0.67828 -1.83619e+04
1696  0.67828 -4.18820e+03 |1697  0.67828 -5.89936e+03 |1698  0.67828 -1.51847e+03
1699  0.67828 -1.23017e+04 |1700  0.67828 -3.12171e+04 |1701  0.67828 -2.74471e+04
1702  0.67828 -2.15299e+04 |1703  0.67828 -2.88626e+04 |1704  0.67828 -1.54333e+04
1705  0.67828 -4.33167e+04 |1706  0.67828 -9.11548e+03 |1707  0.67828 -6.47877e+03
1708  0.67828  1.16740e+03 |1709  0.67828 -2.01402e+04 |1710  0.67828 -1.14766e+04
1711  0.67828 -2.17981e+04 |1712  0.67828 -2.17855e+04 |1713  0.67828 -2.17524e+04
1714  0.67828 -1.78435e+04 |1715  0.67828 -3.94921e+03 |1716  0.67828 -3.22086e+03
1717  0.67828 -4.11860e+03 |1718  0.67828  2.26232e+03 |1719  0.67828 -1.90509e+04
1720  0.67828 -2.01042e+04 |1721  0.67828 -1.76383e+04 |1722  0.67828 -9.17172e+03
1723  0.67828 -1.11730e+04 |1724  0.67828 -7.10890e+03 |1725  0.67828 -6.98413e+03
1726  0.67828 -6.58432e+03 |1727  0.67828 -7.21936e+03 |1728  0.67828  1.52489e+03
1729  0.67828 -3.24249e+04 |1730  0.67828 -1.48046e+04 |1731  0.67828 -7.07960e+03
1732  0.67828 -1.29555e+04 |1733  0.67828 -7.54783e+03 |1734  0.67828 -1.21631e+04
1735  1.00000  1.79825e+00 |1736  1.00000  1.10977e+00 |1737  1.00000  5.49017e-01
1738  1.00000  5.86174e-01 |1739  1.00000  4.48794e+00 |1740  1.00000  2.65308e+00
1741  1.00000  1.36958e+00 |1742  1.00000  1.43880e+00 |1743 -2.30259  3.03997e+04
1744 -2.30259  5.70907e+04 |1745 -2.30259  1.45983e+05 |1746 -2.30259 -3.35971e+03
1747 -2.30259  1.05467e+05 |1748 -2.30259  3.60470e+04 |1749 -2.30259  7.38445e+04
1750 -2.30259  2.76369e+04 |1751 -2.30259  1.26249e+04 |1752 -2.30259  2.66364e+04
1753 18.82093 -1.10833e+04 |
size of file gradfil1.tmp = 0
size of file gradfil2.tmp = 0
size of file varssave.tmp = 0
size of file cmpdiff.tmp = 0
